Archive member included to satisfy reference by file (symbol)

c:/intelfpga_lite/21.1/nios2eds/bin/gnu/h-x86_64-mingw32/bin/../lib/gcc/nios2-elf/10.3.1/../../../../../H-x86_64-mingw32/nios2-elf/lib/mno-hw-mul\libsmallc.a(lib_a-printf.o)
                              obj/default/hello_world.o (printf)
c:/intelfpga_lite/21.1/nios2eds/bin/gnu/h-x86_64-mingw32/bin/../lib/gcc/nios2-elf/10.3.1/../../../../../H-x86_64-mingw32/nios2-elf/lib/mno-hw-mul\libsmallc.a(lib_a-puts.o)
                              obj/default/hello_world.o (puts)
c:/intelfpga_lite/21.1/nios2eds/bin/gnu/h-x86_64-mingw32/bin/../lib/gcc/nios2-elf/10.3.1/../../../../../H-x86_64-mingw32/nios2-elf/lib/mno-hw-mul\libsmallc.a(lib_a-strlen.o)
                              c:/intelfpga_lite/21.1/nios2eds/bin/gnu/h-x86_64-mingw32/bin/../lib/gcc/nios2-elf/10.3.1/../../../../../H-x86_64-mingw32/nios2-elf/lib/mno-hw-mul\libsmallc.a(lib_a-puts.o) (strlen)
c:/intelfpga_lite/21.1/nios2eds/bin/gnu/h-x86_64-mingw32/bin/../lib/gcc/nios2-elf/10.3.1/../../../../../H-x86_64-mingw32/nios2-elf/lib/mno-hw-mul\libsmallc.a(lib_a-vfprintf.o)
                              c:/intelfpga_lite/21.1/nios2eds/bin/gnu/h-x86_64-mingw32/bin/../lib/gcc/nios2-elf/10.3.1/../../../../../H-x86_64-mingw32/nios2-elf/lib/mno-hw-mul\libsmallc.a(lib_a-printf.o) (___vfprintf_internal_r)
c:/intelfpga_lite/21.1/nios2eds/bin/gnu/h-x86_64-mingw32/bin/../lib/gcc/nios2-elf/10.3.1/../../../../../H-x86_64-mingw32/nios2-elf/lib/mno-hw-mul\libsmallc.a(lib_a-fvwrite_small_dev.o)
                              c:/intelfpga_lite/21.1/nios2eds/bin/gnu/h-x86_64-mingw32/bin/../lib/gcc/nios2-elf/10.3.1/../../../../../H-x86_64-mingw32/nios2-elf/lib/mno-hw-mul\libsmallc.a(lib_a-printf.o) (__sfvwrite_small_dev)
c:/intelfpga_lite/21.1/nios2eds/bin/gnu/h-x86_64-mingw32/bin/../lib/gcc/nios2-elf/10.3.1/../../../../../H-x86_64-mingw32/nios2-elf/lib/mno-hw-mul\libsmallc.a(lib_a-impure.o)
                              c:/intelfpga_lite/21.1/nios2eds/bin/gnu/h-x86_64-mingw32/bin/../lib/gcc/nios2-elf/10.3.1/../../../../../H-x86_64-mingw32/nios2-elf/lib/mno-hw-mul\libsmallc.a(lib_a-printf.o) (_impure_ptr)
c:/intelfpga_lite/21.1/nios2eds/bin/gnu/h-x86_64-mingw32/bin/../lib/gcc/nios2-elf/10.3.1/../../../../../H-x86_64-mingw32/nios2-elf/lib/mno-hw-mul\libsmallc.a(lib_a-writer.o)
                              c:/intelfpga_lite/21.1/nios2eds/bin/gnu/h-x86_64-mingw32/bin/../lib/gcc/nios2-elf/10.3.1/../../../../../H-x86_64-mingw32/nios2-elf/lib/mno-hw-mul\libsmallc.a(lib_a-fvwrite_small_dev.o) (_write_r)
c:/intelfpga_lite/21.1/nios2eds/bin/gnu/h-x86_64-mingw32/bin/../lib/gcc/nios2-elf/10.3.1/../../../../../H-x86_64-mingw32/nios2-elf/lib/mno-hw-mul\libsmallc.a(lib_a-int_errno.o)
                              c:/intelfpga_lite/21.1/nios2eds/bin/gnu/h-x86_64-mingw32/bin/../lib/gcc/nios2-elf/10.3.1/../../../../../H-x86_64-mingw32/nios2-elf/lib/mno-hw-mul\libsmallc.a(lib_a-writer.o) (errno)
c:/intelfpga_lite/21.1/nios2eds/bin/gnu/h-x86_64-mingw32/bin/../lib/gcc/nios2-elf/10.3.1/mno-hw-mul\libgcc.a(lib2-divmod.o)
                              c:/intelfpga_lite/21.1/nios2eds/bin/gnu/h-x86_64-mingw32/bin/../lib/gcc/nios2-elf/10.3.1/../../../../../H-x86_64-mingw32/nios2-elf/lib/mno-hw-mul\libsmallc.a(lib_a-vfprintf.o) (__udivsi3)
c:/intelfpga_lite/21.1/nios2eds/bin/gnu/h-x86_64-mingw32/bin/../lib/gcc/nios2-elf/10.3.1/mno-hw-mul\libgcc.a(lib2-mul.o)
                              c:/intelfpga_lite/21.1/nios2eds/bin/gnu/h-x86_64-mingw32/bin/../lib/gcc/nios2-elf/10.3.1/../../../../../H-x86_64-mingw32/nios2-elf/lib/mno-hw-mul\libsmallc.a(lib_a-vfprintf.o) (__mulsi3)
e:/repos/FPGA/ASP4/multi_vhdl/software/multi_native_bsp/\libhal_bsp.a(alt_load.o)
                              e:/repos/FPGA/ASP4/multi_vhdl/software/multi_native_bsp//obj/HAL/src/crt0.o (alt_load)
e:/repos/FPGA/ASP4/multi_vhdl/software/multi_native_bsp/\libhal_bsp.a(alt_main.o)
                              e:/repos/FPGA/ASP4/multi_vhdl/software/multi_native_bsp//obj/HAL/src/crt0.o (alt_main)
e:/repos/FPGA/ASP4/multi_vhdl/software/multi_native_bsp/\libhal_bsp.a(alt_write.o)
                              c:/intelfpga_lite/21.1/nios2eds/bin/gnu/h-x86_64-mingw32/bin/../lib/gcc/nios2-elf/10.3.1/../../../../../H-x86_64-mingw32/nios2-elf/lib/mno-hw-mul\libsmallc.a(lib_a-writer.o) (write)
e:/repos/FPGA/ASP4/multi_vhdl/software/multi_native_bsp/\libhal_bsp.a(alt_sys_init.o)
                              e:/repos/FPGA/ASP4/multi_vhdl/software/multi_native_bsp/\libhal_bsp.a(alt_main.o) (alt_irq_init)
e:/repos/FPGA/ASP4/multi_vhdl/software/multi_native_bsp/\libhal_bsp.a(altera_avalon_jtag_uart_fd.o)
                              e:/repos/FPGA/ASP4/multi_vhdl/software/multi_native_bsp/\libhal_bsp.a(alt_sys_init.o) (altera_avalon_jtag_uart_read_fd)
e:/repos/FPGA/ASP4/multi_vhdl/software/multi_native_bsp/\libhal_bsp.a(altera_avalon_jtag_uart_read.o)
[...]
Memory Configuration

Name             Origin             Length             Attributes
reset            0x0000000000010000 0x0000000000000020
onchip_memory    0x0000000000010020 0x000000000000ffe0
*default*        0x0000000000000000 0xffffffffffffffff

Linker script and memory map

LOAD e:/repos/FPGA/ASP4/multi_vhdl/software/multi_native_bsp//obj/HAL/src/crt0.o
LOAD obj/default/hello_world.o
LOAD c:/intelfpga_lite/21.1/nios2eds/bin/gnu/h-x86_64-mingw32/bin/../lib/gcc/nios2-elf/10.3.1/../../../../../H-x86_64-mingw32/nios2-elf/lib/mno-hw-mul\libstdc++.a
LOAD c:/intelfpga_lite/21.1/nios2eds/bin/gnu/h-x86_64-mingw32/bin/../lib/gcc/nios2-elf/10.3.1/../../../../../H-x86_64-mingw32/nios2-elf/lib/mno-hw-mul\libm.a
LOAD c:/intelfpga_lite/21.1/nios2eds/bin/gnu/h-x86_64-mingw32/bin/../lib/gcc/nios2-elf/10.3.1/mno-hw-mul\libgcc.a
START GROUP
LOAD c:/intelfpga_lite/21.1/nios2eds/bin/gnu/h-x86_64-mingw32/bin/../lib/gcc/nios2-elf/10.3.1/../../../../../H-x86_64-mingw32/nios2-elf/lib/mno-hw-mul\libsmallc.a
LOAD c:/intelfpga_lite/21.1/nios2eds/bin/gnu/h-x86_64-mingw32/bin/../lib/gcc/nios2-elf/10.3.1/mno-hw-mul\libgcc.a
LOAD e:/repos/FPGA/ASP4/multi_vhdl/software/multi_native_bsp/\libhal_bsp.a
LOAD c:/intelfpga_lite/21.1/nios2eds/bin/gnu/h-x86_64-mingw32/bin/../lib/gcc/nios2-elf/10.3.1/../../../../../H-x86_64-mingw32/nios2-elf/lib/mno-hw-mul\libm.a
END GROUP
LOAD c:/intelfpga_lite/21.1/nios2eds/bin/gnu/h-x86_64-mingw32/bin/../lib/gcc/nios2-elf/10.3.1/mno-hw-mul\libgcc.a
                0x0000000000010000                __alt_mem_onchip_memory = 0x10000

.entry          0x0000000000010000       0x20
 *(.entry)
 .entry         0x0000000000010000       0x20 e:/repos/FPGA/ASP4/multi_vhdl/software/multi_native_bsp//obj/HAL/src/crt0.o
                0x0000000000010000                __reset

.exceptions     0x0000000000010020        0x0
                0x0000000000010020                PROVIDE (__ram_exceptions_start = ABSOLUTE (.))
                0x0000000000010020                . = ALIGN (0x20)
 *(.irq)
 *(.exceptions.entry.label)
 *(.exceptions.entry.user)
 *(.exceptions.entry.ecc_fatal)
 *(.exceptions.entry)
 *(.exceptions.irqtest.user)
 *(.exceptions.irqtest)
 *(.exceptions.irqhandler.user)
 *(.exceptions.irqhandler)
 *(.exceptions.irqreturn.user)
 *(.exceptions.irqreturn)
 *(.exceptions.notirq.label)
 *(.exceptions.notirq.user)
 *(.exceptions.notirq)
 *(.exceptions.soft.user)
 *(.exceptions.soft)
 *(.exceptions.unknown.user)
 *(.exceptions.unknown)
 *(.exceptions.exit.label)
 *(.exceptions.exit.user)
 *(.exceptions.exit)
 *(.exceptions)
                0x0000000000010020                PROVIDE (__ram_exceptions_end = ABSOLUTE (.))
                0x0000000000010020                PROVIDE (__flash_exceptions_start = LOADADDR (.exceptions))

.text           0x0000000000010020     0x26bc
                [!provide]                        PROVIDE (stext = ABSOLUTE (.))
 *(.interp)
 *(.hash)
 *(.dynsym)
 *(.dynstr)
 *(.gnu.version)
 *(.gnu.version_d)
 *(.gnu.version_r)
 *(.rel.init)
 *(.rela.init)
 *(.rel.text .rel.text.* .rel.gnu.linkonce.t.*)
 *(.rela.text .rela.text.* .rela.gnu.linkonce.t.*)
 *(.rel.fini)
 *(.rela.fini)
 *(.rel.rodata .rel.rodata.* .rel.gnu.linkonce.r.*)
 *(.rela.rodata .rela.rodata.* .rela.gnu.linkonce.r.*)
 *(.rel.data .rel.data.* .rel.gnu.linkonce.d.*)
 *(.rela.data .rela.data.* .rela.gnu.linkonce.d.*)
 *(.rel.tdata .rel.tdata.* .rel.gnu.linkonce.td.*)
 *(.rela.tdata .rela.tdata.* .rela.gnu.linkonce.td.*)
 *(.rel.tbss .rel.tbss.* .rel.gnu.linkonce.tb.*)
 *(.rela.tbss .rela.tbss.* .rela.gnu.linkonce.tb.*)
 *(.rel.ctors)
 *(.rela.ctors)
 *(.rel.dtors)
 *(.rela.dtors)
 *(.rel.got)
 *(.rela.got)
 *(.rel.sdata .rel.sdata.* .rel.gnu.linkonce.s.*)
 *(.rela.sdata .rela.sdata.* .rela.gnu.linkonce.s.*)
 *(.rel.sbss .rel.sbss.* .rel.gnu.linkonce.sb.*)
 *(.rela.sbss .rela.sbss.* .rela.gnu.linkonce.sb.*)
 *(.rel.sdata2 .rel.sdata2.* .rel.gnu.linkonce.s2.*)
 *(.rela.sdata2 .rela.sdata2.* .rela.gnu.linkonce.s2.*)
 *(.rel.sbss2 .rel.sbss2.* .rel.gnu.linkonce.sb2.*)
 *(.rela.sbss2 .rela.sbss2.* .rela.gnu.linkonce.sb2.*)
 *(.rel.bss .rel.bss.* .rel.gnu.linkonce.b.*)
 *(.rela.bss .rela.bss.* .rela.gnu.linkonce.b.*)
 *(.rel.plt)
 *(.rela.plt)
 *(.rel.dyn)
 *(.init)
 *(.plt)
 *(.text .stub .text.* .gnu.linkonce.t.*)
 .text          0x0000000000010020       0x3c e:/repos/FPGA/ASP4/multi_vhdl/software/multi_native_bsp//obj/HAL/src/crt0.o
                0x0000000000010020                _start
 .text          0x000000000001005c       0xf0 obj/default/hello_world.o
                0x000000000001005c                main
 .text          0x000000000001014c        0x0 c:/intelfpga_lite/21.1/nios2eds/bin/gnu/h-x86_64-mingw32/bin/../lib/gcc/nios2-elf/10.3.1/../../../../../H-x86_64-mingw32/nios2-elf/lib/mno-hw-mul\libsmallc.a(lib_a-printf.o)
 .text._printf_r
                0x000000000001014c       0x3c c:/intelfpga_lite/21.1/nios2eds/bin/gnu/h-x86_64-mingw32/bin/../lib/gcc/nios2-elf/10.3.1/../../../../../H-x86_64-mingw32/nios2-elf/lib/mno-hw-mul\libsmallc.a(lib_a-printf.o)
                0x000000000001014c                _printf_r
 .text.printf   0x0000000000010188       0x48 c:/intelfpga_lite/21.1/nios2eds/bin/gnu/h-x86_64-mingw32/bin/../lib/gcc/nios2-elf/10.3.1/../../../../../H-x86_64-mingw32/nios2-elf/lib/mno-hw-mul\libsmallc.a(lib_a-printf.o)
                0x0000000000010188                printf
 .text          0x00000000000101d0        0x0 c:/intelfpga_lite/21.1/nios2eds/bin/gnu/h-x86_64-mingw32/bin/../lib/gcc/nios2-elf/10.3.1/../../../../../H-x86_64-mingw32/nios2-elf/lib/mno-hw-mul\libsmallc.a(lib_a-puts.o)
 .text._puts_r  0x00000000000101d0       0x80 c:/intelfpga_lite/21.1/nios2eds/bin/gnu/h-x86_64-mingw32/bin/../lib/gcc/nios2-elf/10.3.1/../../../../../H-x86_64-mingw32/nios2-elf/lib/mno-hw-mul\libsmallc.a(lib_a-puts.o)
                0x00000000000101d0                _puts_r
 .text.puts     0x0000000000010250       0x10 c:/intelfpga_lite/21.1/nios2eds/bin/gnu/h-x86_64-mingw32/bin/../lib/gcc/nios2-elf/10.3.1/../../../../../H-x86_64-mingw32/nios2-elf/lib/mno-hw-mul\libsmallc.a(lib_a-puts.o)
                0x0000000000010250                puts
 .text          0x0000000000010260        0x0 c:/intelfpga_lite/21.1/nios2eds/bin/gnu/h-x86_64-mingw32/bin/../lib/gcc/nios2-elf/10.3.1/../../../../../H-x86_64-mingw32/nios2-elf/lib/mno-hw-mul\libsmallc.a(lib_a-strlen.o)
 .text.strlen   0x0000000000010260       0x1c c:/intelfpga_lite/21.1/nios2eds/bin/gnu/h-x86_64-mingw32/bin/../lib/gcc/nios2-elf/10.3.1/../../../../../H-x86_64-mingw32/nios2-elf/lib/mno-hw-mul\libsmallc.a(lib_a-strlen.o)
                0x0000000000010260                strlen
 .text          0x000000000001027c        0x0 c:/intelfpga_lite/21.1/nios2eds/bin/gnu/h-x86_64-mingw32/bin/../lib/gcc/nios2-elf/10.3.1/../../../../../H-x86_64-mingw32/nios2-elf/lib/mno-hw-mul\libsmallc.a(lib_a-vfprintf.o)
 .text.print_repeat
                0x000000000001027c       0x6c c:/intelfpga_lite/21.1/nios2eds/bin/gnu/h-x86_64-mingw32/bin/../lib/gcc/nios2-elf/10.3.1/../../../../../H-x86_64-mingw32/nios2-elf/lib/mno-hw-mul\libsmallc.a(lib_a-vfprintf.o)
 .text.___vfprintf_internal_r
                0x00000000000102e8      0x50c c:/intelfpga_lite/21.1/nios2eds/bin/gnu/h-x86_64-mingw32/bin/../lib/gcc/nios2-elf/10.3.1/../../../../../H-x86_64-mingw32/nios2-elf/lib/mno-hw-mul\libsmallc.a(lib_a-vfprintf.o)
                0x00000000000102e8                ___vfprintf_internal_r
 .text.__vfprintf_internal
                0x00000000000107f4       0x18 c:/intelfpga_lite/21.1/nios2eds/bin/gnu/h-x86_64-mingw32/bin/../lib/gcc/nios2-elf/10.3.1/../../../../../H-x86_64-mingw32/nios2-elf/lib/mno-hw-mul\libsmallc.a(lib_a-vfprintf.o)
                0x00000000000107f4                __vfprintf_internal
 .text          0x000000000001080c        0x0 c:/intelfpga_lite/21.1/nios2eds/bin/gnu/h-x86_64-mingw32/bin/../lib/gcc/nios2-elf/10.3.1/../../../../../H-x86_64-mingw32/nios2-elf/lib/mno-hw-mul\libsmallc.a(lib_a-fvwrite_small_dev.o)
 .text.__sfvwrite_small_dev
                0x000000000001080c       0xa8 c:/intelfpga_lite/21.1/nios2eds/bin/gnu/h-x86_64-mingw32/bin/../lib/gcc/nios2-elf/10.3.1/../../../../../H-x86_64-mingw32/nios2-elf/lib/mno-hw-mul\libsmallc.a(lib_a-fvwrite_small_dev.o)
                0x000000000001080c                __sfvwrite_small_dev
 .text          0x00000000000108b4        0x0 c:/intelfpga_lite/21.1/nios2eds/bin/gnu/h-x86_64-mingw32/bin/../lib/gcc/nios2-elf/10.3.1/../../../../../H-x86_64-mingw32/nios2-elf/lib/mno-hw-mul\libsmallc.a(lib_a-impure.o)
 .text          0x00000000000108b4        0x0 c:/intelfpga_lite/21.1/nios2eds/bin/gnu/h-x86_64-mingw32/bin/../lib/gcc/nios2-elf/10.3.1/../../../../../H-x86_64-mingw32/nios2-elf/lib/mno-hw-mul\libsmallc.a(lib_a-writer.o)
 .text._write_r
                0x00000000000108b4       0x50 c:/intelfpga_lite/21.1/nios2eds/bin/gnu/h-x86_64-mingw32/bin/../lib/gcc/nios2-elf/10.3.1/../../../../../H-x86_64-mingw32/nios2-elf/lib/mno-hw-mul\libsmallc.a(lib_a-writer.o)
                0x00000000000108b4                _write_r
 .text          0x0000000000010904        0x0 c:/intelfpga_lite/21.1/nios2eds/bin/gnu/h-x86_64-mingw32/bin/../lib/gcc/nios2-elf/10.3.1/../../../../../H-x86_64-mingw32/nios2-elf/lib/mno-hw-mul\libsmallc.a(lib_a-int_errno.o)
 .text          0x0000000000010904      0x1b4 c:/intelfpga_lite/21.1/nios2eds/bin/gnu/h-x86_64-mingw32/bin/../lib/gcc/nios2-elf/10.3.1/mno-hw-mul\libgcc.a(lib2-divmod.o)
                0x0000000000010904                __divsi3
                0x0000000000010984                __modsi3
                0x00000000000109f8                __udivsi3
                0x0000000000010a5c                __umodsi3
 .text          0x0000000000010ab8       0x28 c:/intelfpga_lite/21.1/nios2eds/bin/gnu/h-x86_64-mingw32/bin/../lib/gcc/nios2-elf/10.3.1/mno-hw-mul\libgcc.a(lib2-mul.o)
                0x0000000000010ab8                __mulsi3
 .text          0x0000000000010ae0       0xec e:/repos/FPGA/ASP4/multi_vhdl/software/multi_native_bsp/\libhal_bsp.a(alt_load.o)
                0x0000000000010b48                alt_load
 .text          0x0000000000010bcc       0x6c e:/repos/FPGA/ASP4/multi_vhdl/software/multi_native_bsp/\libhal_bsp.a(alt_main.o)
                0x0000000000010bcc                alt_main
 .text          0x0000000000010c38      0x140 e:/repos/FPGA/ASP4/multi_vhdl/software/multi_native_bsp/\libhal_bsp.a(alt_write.o)
                0x0000000000010c74                write
 .text          0x0000000000010d78       0xb4 e:/repos/FPGA/ASP4/multi_vhdl/software/multi_native_bsp/\libhal_bsp.a(alt_sys_init.o)
                0x0000000000010dac                alt_irq_init
                0x0000000000010de8                alt_sys_init
 .text          0x0000000000010e2c       0xc0 e:/repos/FPGA/ASP4/multi_vhdl/software/multi_native_bsp/\libhal_bsp.a(altera_avalon_jtag_uart_fd.o)
                0x0000000000010e2c                altera_avalon_jtag_uart_read_fd
                0x0000000000010e8c                altera_avalon_jtag_uart_write_fd
 .text          0x0000000000010eec       0xec e:/repos/FPGA/ASP4/multi_vhdl/software/multi_native_bsp/\libhal_bsp.a(altera_avalon_jtag_uart_read.o)
                0x0000000000010eec                altera_avalon_jtag_uart_read
 .text          0x0000000000010fd8       0x94 e:/repos/FPGA/ASP4/multi_vhdl/software/multi_native_bsp/\libhal_bsp.a(altera_avalon_jtag_uart_write.o)
                0x0000000000010fd8                altera_avalon_jtag_uart_write
 .text          0x000000000001106c      0x2f0 e:/repos/FPGA/ASP4/multi_vhdl/software/multi_native_bsp/\libhal_bsp.a(perf_print_formatted_report.o)
                0x000000000001106c                perf_print_formatted_report
 .text          0x000000000001135c      0x118 e:/repos/FPGA/ASP4/multi_vhdl/software/multi_native_bsp/\libhal_bsp.a(alt_close.o)
                0x0000000000011398                close
 .text          0x0000000000011474       0x20 e:/repos/FPGA/ASP4/multi_vhdl/software/multi_native_bsp/\libhal_bsp.a(alt_dcache_flush_all.o)
                0x0000000000011474                alt_dcache_flush_all
 .text          0x0000000000011494       0x2c e:/repos/FPGA/ASP4/multi_vhdl/software/multi_native_bsp/\libhal_bsp.a(alt_dev.o)
 .text          0x00000000000114c0       0xe4 e:/repos/FPGA/ASP4/multi_vhdl/software/multi_native_bsp/\libhal_bsp.a(alt_dev_llist_insert.o)
                0x00000000000114fc                alt_dev_llist_insert
 .text          0x00000000000115a4        0x0 e:/repos/FPGA/ASP4/multi_vhdl/software/multi_native_bsp/\libhal_bsp.a(alt_errno.o)
 .text          0x00000000000115a4       0x20 e:/repos/FPGA/ASP4/multi_vhdl/software/multi_native_bsp/\libhal_bsp.a(alt_icache_flush_all.o)
                0x00000000000115a4                alt_icache_flush_all
 .text          0x00000000000115c4      0x150 e:/repos/FPGA/ASP4/multi_vhdl/software/multi_native_bsp/\libhal_bsp.a(alt_io_redirect.o)
                0x0000000000011698                alt_io_redirect
 .text          0x0000000000011714      0x278 e:/repos/FPGA/ASP4/multi_vhdl/software/multi_native_bsp/\libhal_bsp.a(alt_open.o)
                0x000000000001182c                open
 .text          0x000000000001198c       0x70 e:/repos/FPGA/ASP4/multi_vhdl/software/multi_native_bsp/\libhal_bsp.a(alt_release_fd.o)
                0x000000000001198c                alt_release_fd
 .text          0x00000000000119fc       0x24 e:/repos/FPGA/ASP4/multi_vhdl/software/multi_native_bsp/\libhal_bsp.a(altera_nios2_gen2_irq.o)
                0x00000000000119fc                altera_nios2_gen2_irq_init
 .text          0x0000000000011a20      0x194 e:/repos/FPGA/ASP4/multi_vhdl/software/multi_native_bsp/\libhal_bsp.a(altera_avalon_performance_counter.o)
                0x0000000000011a20                perf_get_section_time
                0x0000000000011ae0                perf_get_total_time
                0x0000000000011b2c                perf_get_num_starts
                0x0000000000011b70                alt_get_performance_counter_base
                0x0000000000011b90                alt_get_cpu_freq
 .text          0x0000000000011bb4       0x90 e:/repos/FPGA/ASP4/multi_vhdl/software/multi_native_bsp/\libhal_bsp.a(alt_find_dev.o)
                0x0000000000011bb4                alt_find_dev
 .text          0x0000000000011c44      0x108 e:/repos/FPGA/ASP4/multi_vhdl/software/multi_native_bsp/\libhal_bsp.a(alt_find_file.o)
                0x0000000000011c44                alt_find_file
 .text          0x0000000000011d4c       0xb8 e:/repos/FPGA/ASP4/multi_vhdl/software/multi_native_bsp/\libhal_bsp.a(alt_get_fd.o)
                0x0000000000011d4c                alt_get_fd
 .text          0x0000000000011e04        0x0 c:/intelfpga_lite/21.1/nios2eds/bin/gnu/h-x86_64-mingw32/bin/../lib/gcc/nios2-elf/10.3.1/../../../../../H-x86_64-mingw32/nios2-elf/lib/mno-hw-mul\libsmallc.a(lib_a-exit.o)
 .text.exit     0x0000000000011e04       0x20 c:/intelfpga_lite/21.1/nios2eds/bin/gnu/h-x86_64-mingw32/bin/../lib/gcc/nios2-elf/10.3.1/../../../../../H-x86_64-mingw32/nios2-elf/lib/mno-hw-mul\libsmallc.a(lib_a-exit.o)
                0x0000000000011e04                exit
 .text          0x0000000000011e24        0x0 c:/intelfpga_lite/21.1/nios2eds/bin/gnu/h-x86_64-mingw32/bin/../lib/gcc/nios2-elf/10.3.1/../../../../../H-x86_64-mingw32/nios2-elf/lib/mno-hw-mul\libsmallc.a(lib_a-memcmp.o)
 .text.memcmp   0x0000000000011e24       0x30 c:/intelfpga_lite/21.1/nios2eds/bin/gnu/h-x86_64-mingw32/bin/../lib/gcc/nios2-elf/10.3.1/../../../../../H-x86_64-mingw32/nios2-elf/lib/mno-hw-mul\libsmallc.a(lib_a-memcmp.o)
                0x0000000000011e24                memcmp
 .text          0x0000000000011e54        0x0 c:/intelfpga_lite/21.1/nios2eds/bin/gnu/h-x86_64-mingw32/bin/../lib/gcc/nios2-elf/10.3.1/../../../../../H-x86_64-mingw32/nios2-elf/lib/mno-hw-mul\libsmallc.a(lib_a-__call_atexit.o)
 .text.__call_exitprocs
                0x0000000000011e54      0x12c c:/intelfpga_lite/21.1/nios2eds/bin/gnu/h-x86_64-mingw32/bin/../lib/gcc/nios2-elf/10.3.1/../../../../../H-x86_64-mingw32/nios2-elf/lib/mno-hw-mul\libsmallc.a(lib_a-__call_atexit.o)
                0x0000000000011e54                __call_exitprocs
 .text          0x0000000000011f80      0x104 c:/intelfpga_lite/21.1/nios2eds/bin/gnu/h-x86_64-mingw32/bin/../lib/gcc/nios2-elf/10.3.1/mno-hw-mul\libgcc.a(_muldi3.o)
                0x0000000000011f80                __muldi3
 .text          0x0000000000012084      0x620 c:/intelfpga_lite/21.1/nios2eds/bin/gnu/h-x86_64-mingw32/bin/../lib/gcc/nios2-elf/10.3.1/mno-hw-mul\libgcc.a(_udivdi3.o)
                0x0000000000012084                __udivdi3
 .text          0x00000000000126a4        0x0 c:/intelfpga_lite/21.1/nios2eds/bin/gnu/h-x86_64-mingw32/bin/../lib/gcc/nios2-elf/10.3.1/mno-hw-mul\libgcc.a(_clz.o)
 .text          0x00000000000126a4       0x38 e:/repos/FPGA/ASP4/multi_vhdl/software/multi_native_bsp/\libhal_bsp.a(alt_exit.o)
                0x00000000000126a4                _exit
 *(.gnu.warning.*)
 *(.fini)
                [!provide]                        PROVIDE (__etext = ABSOLUTE (.))
                [!provide]                        PROVIDE (_etext = ABSOLUTE (.))
                [!provide]                        PROVIDE (etext = ABSOLUTE (.))
 *(.eh_frame_hdr)
                0x00000000000126dc                . = ALIGN (0x4)
                [!provide]                        PROVIDE (__preinit_array_start = ABSOLUTE (.))
 *(.preinit_array)
                [!provide]                        PROVIDE (__preinit_array_end = ABSOLUTE (.))
                [!provide]                        PROVIDE (__init_array_start = ABSOLUTE (.))
 *(.init_array)
                [!provide]                        PROVIDE (__init_array_end = ABSOLUTE (.))
                [!provide]                        PROVIDE (__fini_array_start = ABSOLUTE (.))
 *(.fini_array)
                [!provide]                        PROVIDE (__fini_array_end = ABSOLUTE (.))
 *(.eh_frame)
 *(.gcc_except_table .gcc_except_table.*)
 *(.dynamic)
                [!provide]                        PROVIDE (__CTOR_LIST__ = ABSOLUTE (.))
 *(.ctors)
 *(SORT_BY_NAME(.ctors.*))
                [!provide]                        PROVIDE (__CTOR_END__ = ABSOLUTE (.))
                [!provide]                        PROVIDE (__DTOR_LIST__ = ABSOLUTE (.))
 *(.dtors)
 *(SORT_BY_NAME(.dtors.*))
                [!provide]                        PROVIDE (__DTOR_END__ = ABSOLUTE (.))
 *(.jcr)
                0x00000000000126dc                . = ALIGN (0x4)

.rodata         0x00000000000126dc      0x278
                0x00000000000126dc                PROVIDE (__ram_rodata_start = ABSOLUTE (.))
                0x00000000000126dc                . = ALIGN (0x4)
 *(.rodata .rodata.* .gnu.linkonce.r.*)
 .rodata        0x00000000000126dc       0x3a obj/default/hello_world.o
 *fill*         0x0000000000012716        0x2 
 .rodata._puts_r.str1.4
                0x0000000000012718        0x2 c:/intelfpga_lite/21.1/nios2eds/bin/gnu/h-x86_64-mingw32/bin/../lib/gcc/nios2-elf/10.3.1/../../../../../H-x86_64-mingw32/nios2-elf/lib/mno-hw-mul\libsmallc.a(lib_a-puts.o)
 *fill*         0x000000000001271a        0x2 
 .rodata        0x000000000001271c        0xf e:/repos/FPGA/ASP4/multi_vhdl/software/multi_native_bsp/\libhal_bsp.a(alt_main.o)
 *fill*         0x000000000001272b        0x1 
 .rodata        0x000000000001272c        0xf e:/repos/FPGA/ASP4/multi_vhdl/software/multi_native_bsp/\libhal_bsp.a(alt_sys_init.o)
 *fill*         0x000000000001273b        0x1 
 .rodata        0x000000000001273c      0x10a e:/repos/FPGA/ASP4/multi_vhdl/software/multi_native_bsp/\libhal_bsp.a(perf_print_formatted_report.o)
 *fill*         0x0000000000012846        0x2 
 .rodata        0x0000000000012848        0xa e:/repos/FPGA/ASP4/multi_vhdl/software/multi_native_bsp/\libhal_bsp.a(alt_dev.o)
 *fill*         0x0000000000012852        0x2 
 .rodata        0x0000000000012854      0x100 c:/intelfpga_lite/21.1/nios2eds/bin/gnu/h-x86_64-mingw32/bin/../lib/gcc/nios2-elf/10.3.1/mno-hw-mul\libgcc.a(_clz.o)
                0x0000000000012854                __clz_tab
 *(.rodata1)
                0x0000000000012954                . = ALIGN (0x4)
                0x0000000000012954                PROVIDE (__ram_rodata_end = ABSOLUTE (.))
                0x00000000000126dc                PROVIDE (__flash_rodata_start = LOADADDR (.rodata))

.rwdata         0x0000000000012954      0x2d8 load address 0x0000000000012c2c
                0x0000000000012954                PROVIDE (__ram_rwdata_start = ABSOLUTE (.))
                0x0000000000012954                . = ALIGN (0x4)
 *(.got.plt)
 *(.got)
 *(.data1)
 *(.data .data.* .gnu.linkonce.d.*)
 .data          0x0000000000012954        0x0 e:/repos/FPGA/ASP4/multi_vhdl/software/multi_native_bsp//obj/HAL/src/crt0.o
 .data          0x0000000000012954        0x0 obj/default/hello_world.o
 .data          0x0000000000012954        0x0 c:/intelfpga_lite/21.1/nios2eds/bin/gnu/h-x86_64-mingw32/bin/../lib/gcc/nios2-elf/10.3.1/../../../../../H-x86_64-mingw32/nios2-elf/lib/mno-hw-mul\libsmallc.a(lib_a-printf.o)
 .data          0x0000000000012954        0x0 c:/intelfpga_lite/21.1/nios2eds/bin/gnu/h-x86_64-mingw32/bin/../lib/gcc/nios2-elf/10.3.1/../../../../../H-x86_64-mingw32/nios2-elf/lib/mno-hw-mul\libsmallc.a(lib_a-puts.o)
 .data          0x0000000000012954        0x0 c:/intelfpga_lite/21.1/nios2eds/bin/gnu/h-x86_64-mingw32/bin/../lib/gcc/nios2-elf/10.3.1/../../../../../H-x86_64-mingw32/nios2-elf/lib/mno-hw-mul\libsmallc.a(lib_a-strlen.o)
 .data          0x0000000000012954        0x0 c:/intelfpga_lite/21.1/nios2eds/bin/gnu/h-x86_64-mingw32/bin/../lib/gcc/nios2-elf/10.3.1/../../../../../H-x86_64-mingw32/nios2-elf/lib/mno-hw-mul\libsmallc.a(lib_a-vfprintf.o)
 .data          0x0000000000012954        0x0 c:/intelfpga_lite/21.1/nios2eds/bin/gnu/h-x86_64-mingw32/bin/../lib/gcc/nios2-elf/10.3.1/../../../../../H-x86_64-mingw32/nios2-elf/lib/mno-hw-mul\libsmallc.a(lib_a-fvwrite_small_dev.o)
 .data          0x0000000000012954        0x0 c:/intelfpga_lite/21.1/nios2eds/bin/gnu/h-x86_64-mingw32/bin/../lib/gcc/nios2-elf/10.3.1/../../../../../H-x86_64-mingw32/nios2-elf/lib/mno-hw-mul\libsmallc.a(lib_a-impure.o)
 .data.impure_data
                0x0000000000012954       0xe4 c:/intelfpga_lite/21.1/nios2eds/bin/gnu/h-x86_64-mingw32/bin/../lib/gcc/nios2-elf/10.3.1/../../../../../H-x86_64-mingw32/nios2-elf/lib/mno-hw-mul\libsmallc.a(lib_a-impure.o)
 .data          0x0000000000012a38        0x0 c:/intelfpga_lite/21.1/nios2eds/bin/gnu/h-x86_64-mingw32/bin/../lib/gcc/nios2-elf/10.3.1/../../../../../H-x86_64-mingw32/nios2-elf/lib/mno-hw-mul\libsmallc.a(lib_a-writer.o)
 .data          0x0000000000012a38        0x0 c:/intelfpga_lite/21.1/nios2eds/bin/gnu/h-x86_64-mingw32/bin/../lib/gcc/nios2-elf/10.3.1/../../../../../H-x86_64-mingw32/nios2-elf/lib/mno-hw-mul\libsmallc.a(lib_a-int_errno.o)
 .data          0x0000000000012a38        0x0 c:/intelfpga_lite/21.1/nios2eds/bin/gnu/h-x86_64-mingw32/bin/../lib/gcc/nios2-elf/10.3.1/mno-hw-mul\libgcc.a(lib2-divmod.o)
 .data          0x0000000000012a38        0x0 c:/intelfpga_lite/21.1/nios2eds/bin/gnu/h-x86_64-mingw32/bin/../lib/gcc/nios2-elf/10.3.1/mno-hw-mul\libgcc.a(lib2-mul.o)
 .data          0x0000000000012a38        0x0 e:/repos/FPGA/ASP4/multi_vhdl/software/multi_native_bsp/\libhal_bsp.a(alt_load.o)
 .data          0x0000000000012a38        0x0 e:/repos/FPGA/ASP4/multi_vhdl/software/multi_native_bsp/\libhal_bsp.a(alt_main.o)
 .data          0x0000000000012a38        0x0 e:/repos/FPGA/ASP4/multi_vhdl/software/multi_native_bsp/\libhal_bsp.a(alt_write.o)
 .data          0x0000000000012a38       0x2c e:/repos/FPGA/ASP4/multi_vhdl/software/multi_native_bsp/\libhal_bsp.a(alt_sys_init.o)
 .data          0x0000000000012a64        0x0 e:/repos/FPGA/ASP4/multi_vhdl/software/multi_native_bsp/\libhal_bsp.a(altera_avalon_jtag_uart_fd.o)
 .data          0x0000000000012a64        0x0 e:/repos/FPGA/ASP4/multi_vhdl/software/multi_native_bsp/\libhal_bsp.a(altera_avalon_jtag_uart_read.o)
 .data          0x0000000000012a64        0x0 e:/repos/FPGA/ASP4/multi_vhdl/software/multi_native_bsp/\libhal_bsp.a(altera_avalon_jtag_uart_write.o)
 .data          0x0000000000012a64        0x0 e:/repos/FPGA/ASP4/multi_vhdl/software/multi_native_bsp/\libhal_bsp.a(perf_print_formatted_report.o)
 .data          0x0000000000012a64        0x0 e:/repos/FPGA/ASP4/multi_vhdl/software/multi_native_bsp/\libhal_bsp.a(alt_close.o)
 .data          0x0000000000012a64        0x0 e:/repos/FPGA/ASP4/multi_vhdl/software/multi_native_bsp/\libhal_bsp.a(alt_dcache_flush_all.o)
 .data          0x0000000000012a64      0x1a8 e:/repos/FPGA/ASP4/multi_vhdl/software/multi_native_bsp/\libhal_bsp.a(alt_dev.o)
                0x0000000000012a64                alt_dev_null
                0x0000000000012a8c                alt_fd_list
 .data          0x0000000000012c0c        0x0 e:/repos/FPGA/ASP4/multi_vhdl/software/multi_native_bsp/\libhal_bsp.a(alt_dev_llist_insert.o)
 .data          0x0000000000012c0c        0x0 e:/repos/FPGA/ASP4/multi_vhdl/software/multi_native_bsp/\libhal_bsp.a(alt_errno.o)
 .data          0x0000000000012c0c        0x0 e:/repos/FPGA/ASP4/multi_vhdl/software/multi_native_bsp/\libhal_bsp.a(alt_icache_flush_all.o)
 .data          0x0000000000012c0c        0x0 e:/repos/FPGA/ASP4/multi_vhdl/software/multi_native_bsp/\libhal_bsp.a(alt_io_redirect.o)
 .data          0x0000000000012c0c        0x0 e:/repos/FPGA/ASP4/multi_vhdl/software/multi_native_bsp/\libhal_bsp.a(alt_open.o)
 .data          0x0000000000012c0c        0x0 e:/repos/FPGA/ASP4/multi_vhdl/software/multi_native_bsp/\libhal_bsp.a(alt_release_fd.o)
 .data          0x0000000000012c0c        0x0 e:/repos/FPGA/ASP4/multi_vhdl/software/multi_native_bsp/\libhal_bsp.a(altera_nios2_gen2_irq.o)
 .data          0x0000000000012c0c        0x0 e:/repos/FPGA/ASP4/multi_vhdl/software/multi_native_bsp/\libhal_bsp.a(altera_avalon_performance_counter.o)
 .data          0x0000000000012c0c        0x0 e:/repos/FPGA/ASP4/multi_vhdl/software/multi_native_bsp/\libhal_bsp.a(alt_find_dev.o)
 .data          0x0000000000012c0c        0x0 e:/repos/FPGA/ASP4/multi_vhdl/software/multi_native_bsp/\libhal_bsp.a(alt_find_file.o)
 .data          0x0000000000012c0c        0x0 e:/repos/FPGA/ASP4/multi_vhdl/software/multi_native_bsp/\libhal_bsp.a(alt_get_fd.o)
 .data          0x0000000000012c0c        0x0 c:/intelfpga_lite/21.1/nios2eds/bin/gnu/h-x86_64-mingw32/bin/../lib/gcc/nios2-elf/10.3.1/../../../../../H-x86_64-mingw32/nios2-elf/lib/mno-hw-mul\libsmallc.a(lib_a-exit.o)
 .data          0x0000000000012c0c        0x0 c:/intelfpga_lite/21.1/nios2eds/bin/gnu/h-x86_64-mingw32/bin/../lib/gcc/nios2-elf/10.3.1/../../../../../H-x86_64-mingw32/nios2-elf/lib/mno-hw-mul\libsmallc.a(lib_a-memcmp.o)
 .data          0x0000000000012c0c        0x0 c:/intelfpga_lite/21.1/nios2eds/bin/gnu/h-x86_64-mingw32/bin/../lib/gcc/nios2-elf/10.3.1/../../../../../H-x86_64-mingw32/nios2-elf/lib/mno-hw-mul\libsmallc.a(lib_a-__call_atexit.o)
 .data          0x0000000000012c0c        0x0 c:/intelfpga_lite/21.1/nios2eds/bin/gnu/h-x86_64-mingw32/bin/../lib/gcc/nios2-elf/10.3.1/mno-hw-mul\libgcc.a(_muldi3.o)
 .data          0x0000000000012c0c        0x0 c:/intelfpga_lite/21.1/nios2eds/bin/gnu/h-x86_64-mingw32/bin/../lib/gcc/nios2-elf/10.3.1/mno-hw-mul\libgcc.a(_udivdi3.o)
 .data          0x0000000000012c0c        0x0 c:/intelfpga_lite/21.1/nios2eds/bin/gnu/h-x86_64-mingw32/bin/../lib/gcc/nios2-elf/10.3.1/mno-hw-mul\libgcc.a(_clz.o)
 .data          0x0000000000012c0c        0x0 e:/repos/FPGA/ASP4/multi_vhdl/software/multi_native_bsp/\libhal_bsp.a(alt_exit.o)
                0x000000000001ac0c                _gp = ABSOLUTE ((. + 0x8000))
                [!provide]                        PROVIDE (gp = _gp)
 *(.rwdata .rwdata.*)
 *(.sdata .sdata.* .gnu.linkonce.s.*)
 .sdata._global_impure_ptr
                0x0000000000012c0c        0x4 c:/intelfpga_lite/21.1/nios2eds/bin/gnu/h-x86_64-mingw32/bin/../lib/gcc/nios2-elf/10.3.1/../../../../../H-x86_64-mingw32/nios2-elf/lib/mno-hw-mul\libsmallc.a(lib_a-impure.o)
                0x0000000000012c0c                _global_impure_ptr
 .sdata._impure_ptr
                0x0000000000012c10        0x4 c:/intelfpga_lite/21.1/nios2eds/bin/gnu/h-x86_64-mingw32/bin/../lib/gcc/nios2-elf/10.3.1/../../../../../H-x86_64-mingw32/nios2-elf/lib/mno-hw-mul\libsmallc.a(lib_a-impure.o)
                0x0000000000012c10                _impure_ptr
 .sdata         0x0000000000012c14       0x14 e:/repos/FPGA/ASP4/multi_vhdl/software/multi_native_bsp/\libhal_bsp.a(alt_dev.o)
                0x0000000000012c14                alt_fs_list
                0x0000000000012c1c                alt_dev_list
                0x0000000000012c24                alt_max_fd
 .sdata         0x0000000000012c28        0x4 e:/repos/FPGA/ASP4/multi_vhdl/software/multi_native_bsp/\libhal_bsp.a(alt_errno.o)
                0x0000000000012c28                alt_errno
 *(.sdata2 .sdata2.* .gnu.linkonce.s2.*)
                0x0000000000012c2c                . = ALIGN (0x4)
                0x0000000000012c2c                _edata = ABSOLUTE (.)
                [!provide]                        PROVIDE (edata = ABSOLUTE (.))
                0x0000000000012c2c                PROVIDE (__ram_rwdata_end = ABSOLUTE (.))
                0x0000000000012c2c                PROVIDE (__flash_rwdata_start = LOADADDR (.rwdata))

.bss            0x0000000000012f04       0x10
                0x0000000000012f04                __bss_start = ABSOLUTE (.)
                [!provide]                        PROVIDE (__sbss_start = ABSOLUTE (.))
                [!provide]                        PROVIDE (___sbss_start = ABSOLUTE (.))
 *(.dynsbss)
 *(.sbss .sbss.* .gnu.linkonce.sb.*)
 .sbss.errno    0x0000000000012f04        0x4 c:/intelfpga_lite/21.1/nios2eds/bin/gnu/h-x86_64-mingw32/bin/../lib/gcc/nios2-elf/10.3.1/../../../../../H-x86_64-mingw32/nios2-elf/lib/mno-hw-mul\libsmallc.a(lib_a-int_errno.o)
                0x0000000000012f04                errno
 .sbss          0x0000000000012f08        0xc e:/repos/FPGA/ASP4/multi_vhdl/software/multi_native_bsp/\libhal_bsp.a(alt_main.o)
                0x0000000000012f08                alt_argc
                0x0000000000012f0c                alt_argv
                0x0000000000012f10                alt_envp
 *(.sbss2 .sbss2.* .gnu.linkonce.sb2.*)
 *(.scommon)
                [!provide]                        PROVIDE (__sbss_end = ABSOLUTE (.))
                [!provide]                        PROVIDE (___sbss_end = ABSOLUTE (.))
 *(.dynbss)
 *(.bss .bss.* .gnu.linkonce.b.*)
 .bss           0x0000000000012f14        0x0 e:/repos/FPGA/ASP4/multi_vhdl/software/multi_native_bsp//obj/HAL/src/crt0.o
 .bss           0x0000000000012f14        0x0 obj/default/hello_world.o
 .bss           0x0000000000012f14        0x0 c:/intelfpga_lite/21.1/nios2eds/bin/gnu/h-x86_64-mingw32/bin/../lib/gcc/nios2-elf/10.3.1/../../../../../H-x86_64-mingw32/nios2-elf/lib/mno-hw-mul\libsmallc.a(lib_a-printf.o)
 .bss           0x0000000000012f14        0x0 c:/intelfpga_lite/21.1/nios2eds/bin/gnu/h-x86_64-mingw32/bin/../lib/gcc/nios2-elf/10.3.1/../../../../../H-x86_64-mingw32/nios2-elf/lib/mno-hw-mul\libsmallc.a(lib_a-puts.o)
 .bss           0x0000000000012f14        0x0 c:/intelfpga_lite/21.1/nios2eds/bin/gnu/h-x86_64-mingw32/bin/../lib/gcc/nios2-elf/10.3.1/../../../../../H-x86_64-mingw32/nios2-elf/lib/mno-hw-mul\libsmallc.a(lib_a-strlen.o)
 .bss           0x0000000000012f14        0x0 c:/intelfpga_lite/21.1/nios2eds/bin/gnu/h-x86_64-mingw32/bin/../lib/gcc/nios2-elf/10.3.1/../../../../../H-x86_64-mingw32/nios2-elf/lib/mno-hw-mul\libsmallc.a(lib_a-vfprintf.o)
 .bss           0x0000000000012f14        0x0 c:/intelfpga_lite/21.1/nios2eds/bin/gnu/h-x86_64-mingw32/bin/../lib/gcc/nios2-elf/10.3.1/../../../../../H-x86_64-mingw32/nios2-elf/lib/mno-hw-mul\libsmallc.a(lib_a-fvwrite_small_dev.o)
 .bss           0x0000000000012f14        0x0 c:/intelfpga_lite/21.1/nios2eds/bin/gnu/h-x86_64-mingw32/bin/../lib/gcc/nios2-elf/10.3.1/../../../../../H-x86_64-mingw32/nios2-elf/lib/mno-hw-mul\libsmallc.a(lib_a-impure.o)
 .bss           0x0000000000012f14        0x0 c:/intelfpga_lite/21.1/nios2eds/bin/gnu/h-x86_64-mingw32/bin/../lib/gcc/nios2-elf/10.3.1/../../../../../H-x86_64-mingw32/nios2-elf/lib/mno-hw-mul\libsmallc.a(lib_a-writer.o)
 .bss           0x0000000000012f14        0x0 c:/intelfpga_lite/21.1/nios2eds/bin/gnu/h-x86_64-mingw32/bin/../lib/gcc/nios2-elf/10.3.1/../../../../../H-x86_64-mingw32/nios2-elf/lib/mno-hw-mul\libsmallc.a(lib_a-int_errno.o)
 .bss           0x0000000000012f14        0x0 c:/intelfpga_lite/21.1/nios2eds/bin/gnu/h-x86_64-mingw32/bin/../lib/gcc/nios2-elf/10.3.1/mno-hw-mul\libgcc.a(lib2-divmod.o)
 .bss           0x0000000000012f14        0x0 c:/intelfpga_lite/21.1/nios2eds/bin/gnu/h-x86_64-mingw32/bin/../lib/gcc/nios2-elf/10.3.1/mno-hw-mul\libgcc.a(lib2-mul.o)
 .bss           0x0000000000012f14        0x0 e:/repos/FPGA/ASP4/multi_vhdl/software/multi_native_bsp/\libhal_bsp.a(alt_load.o)
 .bss           0x0000000000012f14        0x0 e:/repos/FPGA/ASP4/multi_vhdl/software/multi_native_bsp/\libhal_bsp.a(alt_main.o)
 .bss           0x0000000000012f14        0x0 e:/repos/FPGA/ASP4/multi_vhdl/software/multi_native_bsp/\libhal_bsp.a(alt_write.o)
 .bss           0x0000000000012f14        0x0 e:/repos/FPGA/ASP4/multi_vhdl/software/multi_native_bsp/\libhal_bsp.a(alt_sys_init.o)
 .bss           0x0000000000012f14        0x0 e:/repos/FPGA/ASP4/multi_vhdl/software/multi_native_bsp/\libhal_bsp.a(altera_avalon_jtag_uart_fd.o)
 .bss           0x0000000000012f14        0x0 e:/repos/FPGA/ASP4/multi_vhdl/software/multi_native_bsp/\libhal_bsp.a(altera_avalon_jtag_uart_read.o)
 .bss           0x0000000000012f14        0x0 e:/repos/FPGA/ASP4/multi_vhdl/software/multi_native_bsp/\libhal_bsp.a(altera_avalon_jtag_uart_write.o)
 .bss           0x0000000000012f14        0x0 e:/repos/FPGA/ASP4/multi_vhdl/software/multi_native_bsp/\libhal_bsp.a(perf_print_formatted_report.o)
 .bss           0x0000000000012f14        0x0 e:/repos/FPGA/ASP4/multi_vhdl/software/multi_native_bsp/\libhal_bsp.a(alt_close.o)
 .bss           0x0000000000012f14        0x0 e:/repos/FPGA/ASP4/multi_vhdl/software/multi_native_bsp/\libhal_bsp.a(alt_dcache_flush_all.o)
 .bss           0x0000000000012f14        0x0 e:/repos/FPGA/ASP4/multi_vhdl/software/multi_native_bsp/\libhal_bsp.a(alt_dev.o)
 .bss           0x0000000000012f14        0x0 e:/repos/FPGA/ASP4/multi_vhdl/software/multi_native_bsp/\libhal_bsp.a(alt_dev_llist_insert.o)
 .bss           0x0000000000012f14        0x0 e:/repos/FPGA/ASP4/multi_vhdl/software/multi_native_bsp/\libhal_bsp.a(alt_errno.o)
 .bss           0x0000000000012f14        0x0 e:/repos/FPGA/ASP4/multi_vhdl/software/multi_native_bsp/\libhal_bsp.a(alt_icache_flush_all.o)
 .bss           0x0000000000012f14        0x0 e:/repos/FPGA/ASP4/multi_vhdl/software/multi_native_bsp/\libhal_bsp.a(alt_io_redirect.o)
 .bss           0x0000000000012f14        0x0 e:/repos/FPGA/ASP4/multi_vhdl/software/multi_native_bsp/\libhal_bsp.a(alt_open.o)
 .bss           0x0000000000012f14        0x0 e:/repos/FPGA/ASP4/multi_vhdl/software/multi_native_bsp/\libhal_bsp.a(alt_release_fd.o)
 .bss           0x0000000000012f14        0x0 e:/repos/FPGA/ASP4/multi_vhdl/software/multi_native_bsp/\libhal_bsp.a(altera_nios2_gen2_irq.o)
 .bss           0x0000000000012f14        0x0 e:/repos/FPGA/ASP4/multi_vhdl/software/multi_native_bsp/\libhal_bsp.a(altera_avalon_performance_counter.o)
 .bss           0x0000000000012f14        0x0 e:/repos/FPGA/ASP4/multi_vhdl/software/multi_native_bsp/\libhal_bsp.a(alt_find_dev.o)
 .bss           0x0000000000012f14        0x0 e:/repos/FPGA/ASP4/multi_vhdl/software/multi_native_bsp/\libhal_bsp.a(alt_find_file.o)
 .bss           0x0000000000012f14        0x0 e:/repos/FPGA/ASP4/multi_vhdl/software/multi_native_bsp/\libhal_bsp.a(alt_get_fd.o)
 .bss           0x0000000000012f14        0x0 c:/intelfpga_lite/21.1/nios2eds/bin/gnu/h-x86_64-mingw32/bin/../lib/gcc/nios2-elf/10.3.1/../../../../../H-x86_64-mingw32/nios2-elf/lib/mno-hw-mul\libsmallc.a(lib_a-exit.o)
 .bss           0x0000000000012f14        0x0 c:/intelfpga_lite/21.1/nios2eds/bin/gnu/h-x86_64-mingw32/bin/../lib/gcc/nios2-elf/10.3.1/../../../../../H-x86_64-mingw32/nios2-elf/lib/mno-hw-mul\libsmallc.a(lib_a-memcmp.o)
 .bss           0x0000000000012f14        0x0 c:/intelfpga_lite/21.1/nios2eds/bin/gnu/h-x86_64-mingw32/bin/../lib/gcc/nios2-elf/10.3.1/../../../../../H-x86_64-mingw32/nios2-elf/lib/mno-hw-mul\libsmallc.a(lib_a-__call_atexit.o)
 .bss           0x0000000000012f14        0x0 c:/intelfpga_lite/21.1/nios2eds/bin/gnu/h-x86_64-mingw32/bin/../lib/gcc/nios2-elf/10.3.1/mno-hw-mul\libgcc.a(_muldi3.o)
 .bss           0x0000000000012f14        0x0 c:/intelfpga_lite/21.1/nios2eds/bin/gnu/h-x86_64-mingw32/bin/../lib/gcc/nios2-elf/10.3.1/mno-hw-mul\libgcc.a(_udivdi3.o)
 .bss           0x0000000000012f14        0x0 c:/intelfpga_lite/21.1/nios2eds/bin/gnu/h-x86_64-mingw32/bin/../lib/gcc/nios2-elf/10.3.1/mno-hw-mul\libgcc.a(_clz.o)
 .bss           0x0000000000012f14        0x0 e:/repos/FPGA/ASP4/multi_vhdl/software/multi_native_bsp/\libhal_bsp.a(alt_exit.o)
 *(COMMON)
                0x0000000000012f14                . = ALIGN (0x4)
                0x0000000000012f14                __bss_end = ABSOLUTE (.)

.onchip_memory  0x0000000000012f14        0x0
                [!provide]                        PROVIDE (_alt_partition_onchip_memory_start = ABSOLUTE (.))
 *(.onchip_memory .onchip_memory. onchip_memory.*)
                0x0000000000012f14                . = ALIGN (0x4)
                [!provide]                        PROVIDE (_alt_partition_onchip_memory_end = ABSOLUTE (.))
                0x0000000000012f14                _end = ABSOLUTE (.)
                0x0000000000012f14                end = ABSOLUTE (.)
                0x0000000000012f14                __alt_stack_base = ABSOLUTE (.)
                [!provide]                        PROVIDE (_alt_partition_onchip_memory_load_addr = LOADADDR (.onchip_memory))

.stab
 *(.stab)

.stabstr
 *(.stabstr)

.stab.excl
 *(.stab.excl)

.stab.exclstr
 *(.stab.exclstr)

.stab.index
 *(.stab.index)

.stab.indexstr
 *(.stab.indexstr)

.comment        0x0000000000000000       0x2d
 *(.comment)
 .comment       0x0000000000000000       0x2d obj/default/hello_world.o
                                         0x2e (size before relaxing)
 .comment       0x000000000000002d       0x2e c:/intelfpga_lite/21.1/nios2eds/bin/gnu/h-x86_64-mingw32/bin/../lib/gcc/nios2-elf/10.3.1/../../../../../H-x86_64-mingw32/nios2-elf/lib/mno-hw-mul\libsmallc.a(lib_a-printf.o)
 .comment       0x000000000000002d       0x2e c:/intelfpga_lite/21.1/nios2eds/bin/gnu/h-x86_64-mingw32/bin/../lib/gcc/nios2-elf/10.3.1/../../../../../H-x86_64-mingw32/nios2-elf/lib/mno-hw-mul\libsmallc.a(lib_a-puts.o)
 .comment       0x000000000000002d       0x2e c:/intelfpga_lite/21.1/nios2eds/bin/gnu/h-x86_64-mingw32/bin/../lib/gcc/nios2-elf/10.3.1/../../../../../H-x86_64-mingw32/nios2-elf/lib/mno-hw-mul\libsmallc.a(lib_a-strlen.o)
 .comment       0x000000000000002d       0x2e c:/intelfpga_lite/21.1/nios2eds/bin/gnu/h-x86_64-mingw32/bin/../lib/gcc/nios2-elf/10.3.1/../../../../../H-x86_64-mingw32/nios2-elf/lib/mno-hw-mul\libsmallc.a(lib_a-vfprintf.o)
 .comment       0x000000000000002d       0x2e c:/intelfpga_lite/21.1/nios2eds/bin/gnu/h-x86_64-mingw32/bin/../lib/gcc/nios2-elf/10.3.1/../../../../../H-x86_64-mingw32/nios2-elf/lib/mno-hw-mul\libsmallc.a(lib_a-fvwrite_small_dev.o)
 .comment       0x000000000000002d       0x2e c:/intelfpga_lite/21.1/nios2eds/bin/gnu/h-x86_64-mingw32/bin/../lib/gcc/nios2-elf/10.3.1/../../../../../H-x86_64-mingw32/nios2-elf/lib/mno-hw-mul\libsmallc.a(lib_a-impure.o)
 .comment       0x000000000000002d       0x2e c:/intelfpga_lite/21.1/nios2eds/bin/gnu/h-x86_64-mingw32/bin/../lib/gcc/nios2-elf/10.3.1/../../../../../H-x86_64-mingw32/nios2-elf/lib/mno-hw-mul\libsmallc.a(lib_a-writer.o)
 .comment       0x000000000000002d       0x2e c:/intelfpga_lite/21.1/nios2eds/bin/gnu/h-x86_64-mingw32/bin/../lib/gcc/nios2-elf/10.3.1/../../../../../H-x86_64-mingw32/nios2-elf/lib/mno-hw-mul\libsmallc.a(lib_a-int_errno.o)
 .comment       0x000000000000002d       0x2e c:/intelfpga_lite/21.1/nios2eds/bin/gnu/h-x86_64-mingw32/bin/../lib/gcc/nios2-elf/10.3.1/mno-hw-mul\libgcc.a(lib2-divmod.o)
 .comment       0x000000000000002d       0x2e c:/intelfpga_lite/21.1/nios2eds/bin/gnu/h-x86_64-mingw32/bin/../lib/gcc/nios2-elf/10.3.1/mno-hw-mul\libgcc.a(lib2-mul.o)
 .comment       0x000000000000002d       0x2e e:/repos/FPGA/ASP4/multi_vhdl/software/multi_native_bsp/\libhal_bsp.a(alt_load.o)
 .comment       0x000000000000002d       0x2e e:/repos/FPGA/ASP4/multi_vhdl/software/multi_native_bsp/\libhal_bsp.a(alt_main.o)
 .comment       0x000000000000002d       0x2e e:/repos/FPGA/ASP4/multi_vhdl/software/multi_native_bsp/\libhal_bsp.a(alt_write.o)
 .comment       0x000000000000002d       0x2e e:/repos/FPGA/ASP4/multi_vhdl/software/multi_native_bsp/\libhal_bsp.a(alt_sys_init.o)
 .comment       0x000000000000002d       0x2e e:/repos/FPGA/ASP4/multi_vhdl/software/multi_native_bsp/\libhal_bsp.a(altera_avalon_jtag_uart_fd.o)
 .comment       0x000000000000002d       0x2e e:/repos/FPGA/ASP4/multi_vhdl/software/multi_native_bsp/\libhal_bsp.a(altera_avalon_jtag_uart_read.o)
 .comment       0x000000000000002d       0x2e e:/repos/FPGA/ASP4/multi_vhdl/software/multi_native_bsp/\libhal_bsp.a(altera_avalon_jtag_uart_write.o)
 .comment       0x000000000000002d       0x2e e:/repos/FPGA/ASP4/multi_vhdl/software/multi_native_bsp/\libhal_bsp.a(perf_print_formatted_report.o)
 .comment       0x000000000000002d       0x2e e:/repos/FPGA/ASP4/multi_vhdl/software/multi_native_bsp/\libhal_bsp.a(alt_close.o)
 .comment       0x000000000000002d       0x2e e:/repos/FPGA/ASP4/multi_vhdl/software/multi_native_bsp/\libhal_bsp.a(alt_dcache_flush_all.o)
 .comment       0x000000000000002d       0x2e e:/repos/FPGA/ASP4/multi_vhdl/software/multi_native_bsp/\libhal_bsp.a(alt_dev.o)
 .comment       0x000000000000002d       0x2e e:/repos/FPGA/ASP4/multi_vhdl/software/multi_native_bsp/\libhal_bsp.a(alt_dev_llist_insert.o)
 .comment       0x000000000000002d       0x2e e:/repos/FPGA/ASP4/multi_vhdl/software/multi_native_bsp/\libhal_bsp.a(alt_errno.o)
 .comment       0x000000000000002d       0x2e e:/repos/FPGA/ASP4/multi_vhdl/software/multi_native_bsp/\libhal_bsp.a(alt_icache_flush_all.o)
 .comment       0x000000000000002d       0x2e e:/repos/FPGA/ASP4/multi_vhdl/software/multi_native_bsp/\libhal_bsp.a(alt_io_redirect.o)
 .comment       0x000000000000002d       0x2e e:/repos/FPGA/ASP4/multi_vhdl/software/multi_native_bsp/\libhal_bsp.a(alt_open.o)
 .comment       0x000000000000002d       0x2e e:/repos/FPGA/ASP4/multi_vhdl/software/multi_native_bsp/\libhal_bsp.a(alt_release_fd.o)
 .comment       0x000000000000002d       0x2e e:/repos/FPGA/ASP4/multi_vhdl/software/multi_native_bsp/\libhal_bsp.a(altera_nios2_gen2_irq.o)
 .comment       0x000000000000002d       0x2e e:/repos/FPGA/ASP4/multi_vhdl/software/multi_native_bsp/\libhal_bsp.a(altera_avalon_performance_counter.o)
 .comment       0x000000000000002d       0x2e e:/repos/FPGA/ASP4/multi_vhdl/software/multi_native_bsp/\libhal_bsp.a(alt_find_dev.o)
 .comment       0x000000000000002d       0x2e e:/repos/FPGA/ASP4/multi_vhdl/software/multi_native_bsp/\libhal_bsp.a(alt_find_file.o)
 .comment       0x000000000000002d       0x2e e:/repos/FPGA/ASP4/multi_vhdl/software/multi_native_bsp/\libhal_bsp.a(alt_get_fd.o)
 .comment       0x000000000000002d       0x2e c:/intelfpga_lite/21.1/nios2eds/bin/gnu/h-x86_64-mingw32/bin/../lib/gcc/nios2-elf/10.3.1/../../../../../H-x86_64-mingw32/nios2-elf/lib/mno-hw-mul\libsmallc.a(lib_a-exit.o)
 .comment       0x000000000000002d       0x2e c:/intelfpga_lite/21.1/nios2eds/bin/gnu/h-x86_64-mingw32/bin/../lib/gcc/nios2-elf/10.3.1/../../../../../H-x86_64-mingw32/nios2-elf/lib/mno-hw-mul\libsmallc.a(lib_a-memcmp.o)
 .comment       0x000000000000002d       0x2e c:/intelfpga_lite/21.1/nios2eds/bin/gnu/h-x86_64-mingw32/bin/../lib/gcc/nios2-elf/10.3.1/../../../../../H-x86_64-mingw32/nios2-elf/lib/mno-hw-mul\libsmallc.a(lib_a-__call_atexit.o)
 .comment       0x000000000000002d       0x2e c:/intelfpga_lite/21.1/nios2eds/bin/gnu/h-x86_64-mingw32/bin/../lib/gcc/nios2-elf/10.3.1/mno-hw-mul\libgcc.a(_muldi3.o)
 .comment       0x000000000000002d       0x2e c:/intelfpga_lite/21.1/nios2eds/bin/gnu/h-x86_64-mingw32/bin/../lib/gcc/nios2-elf/10.3.1/mno-hw-mul\libgcc.a(_udivdi3.o)
 .comment       0x000000000000002d       0x2e c:/intelfpga_lite/21.1/nios2eds/bin/gnu/h-x86_64-mingw32/bin/../lib/gcc/nios2-elf/10.3.1/mno-hw-mul\libgcc.a(_clz.o)
 .comment       0x000000000000002d       0x2e e:/repos/FPGA/ASP4/multi_vhdl/software/multi_native_bsp/\libhal_bsp.a(alt_exit.o)

.debug
 *(.debug)

.line
 *(.line)

.debug_srcinfo
 *(.debug_srcinfo)

.debug_sfnames
 *(.debug_sfnames)

.debug_aranges  0x0000000000000000      0x528
 *(.debug_aranges)
 .debug_aranges
                0x0000000000000000       0x28 e:/repos/FPGA/ASP4/multi_vhdl/software/multi_native_bsp//obj/HAL/src/crt0.o
 .debug_aranges
                0x0000000000000028       0x20 obj/default/hello_world.o
 .debug_aranges
                0x0000000000000048       0x28 c:/intelfpga_lite/21.1/nios2eds/bin/gnu/h-x86_64-mingw32/bin/../lib/gcc/nios2-elf/10.3.1/../../../../../H-x86_64-mingw32/nios2-elf/lib/mno-hw-mul\libsmallc.a(lib_a-printf.o)
 .debug_aranges
                0x0000000000000070       0x28 c:/intelfpga_lite/21.1/nios2eds/bin/gnu/h-x86_64-mingw32/bin/../lib/gcc/nios2-elf/10.3.1/../../../../../H-x86_64-mingw32/nios2-elf/lib/mno-hw-mul\libsmallc.a(lib_a-puts.o)
 .debug_aranges
                0x0000000000000098       0x20 c:/intelfpga_lite/21.1/nios2eds/bin/gnu/h-x86_64-mingw32/bin/../lib/gcc/nios2-elf/10.3.1/../../../../../H-x86_64-mingw32/nios2-elf/lib/mno-hw-mul\libsmallc.a(lib_a-strlen.o)
 .debug_aranges
                0x00000000000000b8       0x30 c:/intelfpga_lite/21.1/nios2eds/bin/gnu/h-x86_64-mingw32/bin/../lib/gcc/nios2-elf/10.3.1/../../../../../H-x86_64-mingw32/nios2-elf/lib/mno-hw-mul\libsmallc.a(lib_a-vfprintf.o)
 .debug_aranges
                0x00000000000000e8       0x20 c:/intelfpga_lite/21.1/nios2eds/bin/gnu/h-x86_64-mingw32/bin/../lib/gcc/nios2-elf/10.3.1/../../../../../H-x86_64-mingw32/nios2-elf/lib/mno-hw-mul\libsmallc.a(lib_a-fvwrite_small_dev.o)
 .debug_aranges
                0x0000000000000108       0x18 c:/intelfpga_lite/21.1/nios2eds/bin/gnu/h-x86_64-mingw32/bin/../lib/gcc/nios2-elf/10.3.1/../../../../../H-x86_64-mingw32/nios2-elf/lib/mno-hw-mul\libsmallc.a(lib_a-impure.o)
 .debug_aranges
                0x0000000000000120       0x20 c:/intelfpga_lite/21.1/nios2eds/bin/gnu/h-x86_64-mingw32/bin/../lib/gcc/nios2-elf/10.3.1/../../../../../H-x86_64-mingw32/nios2-elf/lib/mno-hw-mul\libsmallc.a(lib_a-writer.o)
 .debug_aranges
                0x0000000000000140       0x18 c:/intelfpga_lite/21.1/nios2eds/bin/gnu/h-x86_64-mingw32/bin/../lib/gcc/nios2-elf/10.3.1/../../../../../H-x86_64-mingw32/nios2-elf/lib/mno-hw-mul\libsmallc.a(lib_a-int_errno.o)
 .debug_aranges
                0x0000000000000158       0x20 c:/intelfpga_lite/21.1/nios2eds/bin/gnu/h-x86_64-mingw32/bin/../lib/gcc/nios2-elf/10.3.1/mno-hw-mul\libgcc.a(lib2-divmod.o)
 .debug_aranges
                0x0000000000000178       0x20 c:/intelfpga_lite/21.1/nios2eds/bin/gnu/h-x86_64-mingw32/bin/../lib/gcc/nios2-elf/10.3.1/mno-hw-mul\libgcc.a(lib2-mul.o)
 .debug_aranges
                0x0000000000000198       0x20 e:/repos/FPGA/ASP4/multi_vhdl/software/multi_native_bsp/\libhal_bsp.a(alt_load.o)
 .debug_aranges
                0x00000000000001b8       0x20 e:/repos/FPGA/ASP4/multi_vhdl/software/multi_native_bsp/\libhal_bsp.a(alt_main.o)
 .debug_aranges
                0x00000000000001d8       0x20 e:/repos/FPGA/ASP4/multi_vhdl/software/multi_native_bsp/\libhal_bsp.a(alt_write.o)
 .debug_aranges
                0x00000000000001f8       0x20 e:/repos/FPGA/ASP4/multi_vhdl/software/multi_native_bsp/\libhal_bsp.a(alt_sys_init.o)
 .debug_aranges
                0x0000000000000218       0x20 e:/repos/FPGA/ASP4/multi_vhdl/software/multi_native_bsp/\libhal_bsp.a(altera_avalon_jtag_uart_fd.o)
 .debug_aranges
                0x0000000000000238       0x20 e:/repos/FPGA/ASP4/multi_vhdl/software/multi_native_bsp/\libhal_bsp.a(altera_avalon_jtag_uart_read.o)
 .debug_aranges
                0x0000000000000258       0x20 e:/repos/FPGA/ASP4/multi_vhdl/software/multi_native_bsp/\libhal_bsp.a(altera_avalon_jtag_uart_write.o)
 .debug_aranges
                0x0000000000000278       0x20 e:/repos/FPGA/ASP4/multi_vhdl/software/multi_native_bsp/\libhal_bsp.a(perf_print_formatted_report.o)
 .debug_aranges
                0x0000000000000298       0x20 e:/repos/FPGA/ASP4/multi_vhdl/software/multi_native_bsp/\libhal_bsp.a(alt_close.o)
 .debug_aranges
                0x00000000000002b8       0x20 e:/repos/FPGA/ASP4/multi_vhdl/software/multi_native_bsp/\libhal_bsp.a(alt_dcache_flush_all.o)
 .debug_aranges
                0x00000000000002d8       0x20 e:/repos/FPGA/ASP4/multi_vhdl/software/multi_native_bsp/\libhal_bsp.a(alt_dev.o)
 .debug_aranges
                0x00000000000002f8       0x20 e:/repos/FPGA/ASP4/multi_vhdl/software/multi_native_bsp/\libhal_bsp.a(alt_dev_llist_insert.o)
 .debug_aranges
                0x0000000000000318       0x18 e:/repos/FPGA/ASP4/multi_vhdl/software/multi_native_bsp/\libhal_bsp.a(alt_errno.o)
 .debug_aranges
                0x0000000000000330       0x20 e:/repos/FPGA/ASP4/multi_vhdl/software/multi_native_bsp/\libhal_bsp.a(alt_icache_flush_all.o)
 .debug_aranges
                0x0000000000000350       0x20 e:/repos/FPGA/ASP4/multi_vhdl/software/multi_native_bsp/\libhal_bsp.a(alt_io_redirect.o)
 .debug_aranges
                0x0000000000000370       0x20 e:/repos/FPGA/ASP4/multi_vhdl/software/multi_native_bsp/\libhal_bsp.a(alt_open.o)
 .debug_aranges
                0x0000000000000390       0x20 e:/repos/FPGA/ASP4/multi_vhdl/software/multi_native_bsp/\libhal_bsp.a(alt_release_fd.o)
 .debug_aranges
                0x00000000000003b0       0x20 e:/repos/FPGA/ASP4/multi_vhdl/software/multi_native_bsp/\libhal_bsp.a(altera_nios2_gen2_irq.o)
 .debug_aranges
                0x00000000000003d0       0x20 e:/repos/FPGA/ASP4/multi_vhdl/software/multi_native_bsp/\libhal_bsp.a(altera_avalon_performance_counter.o)
 .debug_aranges
                0x00000000000003f0       0x20 e:/repos/FPGA/ASP4/multi_vhdl/software/multi_native_bsp/\libhal_bsp.a(alt_find_dev.o)
 .debug_aranges
                0x0000000000000410       0x20 e:/repos/FPGA/ASP4/multi_vhdl/software/multi_native_bsp/\libhal_bsp.a(alt_find_file.o)
 .debug_aranges
                0x0000000000000430       0x20 e:/repos/FPGA/ASP4/multi_vhdl/software/multi_native_bsp/\libhal_bsp.a(alt_get_fd.o)
 .debug_aranges
                0x0000000000000450       0x20 c:/intelfpga_lite/21.1/nios2eds/bin/gnu/h-x86_64-mingw32/bin/../lib/gcc/nios2-elf/10.3.1/../../../../../H-x86_64-mingw32/nios2-elf/lib/mno-hw-mul\libsmallc.a(lib_a-exit.o)
 .debug_aranges
                0x0000000000000470       0x20 c:/intelfpga_lite/21.1/nios2eds/bin/gnu/h-x86_64-mingw32/bin/../lib/gcc/nios2-elf/10.3.1/../../../../../H-x86_64-mingw32/nios2-elf/lib/mno-hw-mul\libsmallc.a(lib_a-memcmp.o)
 .debug_aranges
                0x0000000000000490       0x20 c:/intelfpga_lite/21.1/nios2eds/bin/gnu/h-x86_64-mingw32/bin/../lib/gcc/nios2-elf/10.3.1/../../../../../H-x86_64-mingw32/nios2-elf/lib/mno-hw-mul\libsmallc.a(lib_a-__call_atexit.o)
 .debug_aranges
                0x00000000000004b0       0x20 c:/intelfpga_lite/21.1/nios2eds/bin/gnu/h-x86_64-mingw32/bin/../lib/gcc/nios2-elf/10.3.1/mno-hw-mul\libgcc.a(_muldi3.o)
 .debug_aranges
                0x00000000000004d0       0x20 c:/intelfpga_lite/21.1/nios2eds/bin/gnu/h-x86_64-mingw32/bin/../lib/gcc/nios2-elf/10.3.1/mno-hw-mul\libgcc.a(_udivdi3.o)
 .debug_aranges
                0x00000000000004f0       0x18 c:/intelfpga_lite/21.1/nios2eds/bin/gnu/h-x86_64-mingw32/bin/../lib/gcc/nios2-elf/10.3.1/mno-hw-mul\libgcc.a(_clz.o)
 .debug_aranges
                0x0000000000000508       0x20 e:/repos/FPGA/ASP4/multi_vhdl/software/multi_native_bsp/\libhal_bsp.a(alt_exit.o)

.debug_pubnames
 *(.debug_pubnames)

.debug_info     0x0000000000000000     0x8310
 *(.debug_info .gnu.linkonce.wi.*)
 .debug_info    0x0000000000000000       0x22 e:/repos/FPGA/ASP4/multi_vhdl/software/multi_native_bsp//obj/HAL/src/crt0.o
 .debug_info    0x0000000000000022       0xc6 obj/default/hello_world.o
 .debug_info    0x00000000000000e8      0x72b c:/intelfpga_lite/21.1/nios2eds/bin/gnu/h-x86_64-mingw32/bin/../lib/gcc/nios2-elf/10.3.1/../../../../../H-x86_64-mingw32/nios2-elf/lib/mno-hw-mul\libsmallc.a(lib_a-printf.o)
 .debug_info    0x0000000000000813      0x6ea c:/intelfpga_lite/21.1/nios2eds/bin/gnu/h-x86_64-mingw32/bin/../lib/gcc/nios2-elf/10.3.1/../../../../../H-x86_64-mingw32/nios2-elf/lib/mno-hw-mul\libsmallc.a(lib_a-puts.o)
 .debug_info    0x0000000000000efd       0xd0 c:/intelfpga_lite/21.1/nios2eds/bin/gnu/h-x86_64-mingw32/bin/../lib/gcc/nios2-elf/10.3.1/../../../../../H-x86_64-mingw32/nios2-elf/lib/mno-hw-mul\libsmallc.a(lib_a-strlen.o)
 .debug_info    0x0000000000000fcd      0xeb5 c:/intelfpga_lite/21.1/nios2eds/bin/gnu/h-x86_64-mingw32/bin/../lib/gcc/nios2-elf/10.3.1/../../../../../H-x86_64-mingw32/nios2-elf/lib/mno-hw-mul\libsmallc.a(lib_a-vfprintf.o)
 .debug_info    0x0000000000001e82      0x6b3 c:/intelfpga_lite/21.1/nios2eds/bin/gnu/h-x86_64-mingw32/bin/../lib/gcc/nios2-elf/10.3.1/../../../../../H-x86_64-mingw32/nios2-elf/lib/mno-hw-mul\libsmallc.a(lib_a-fvwrite_small_dev.o)
 .debug_info    0x0000000000002535      0x61e c:/intelfpga_lite/21.1/nios2eds/bin/gnu/h-x86_64-mingw32/bin/../lib/gcc/nios2-elf/10.3.1/../../../../../H-x86_64-mingw32/nios2-elf/lib/mno-hw-mul\libsmallc.a(lib_a-impure.o)
 .debug_info    0x0000000000002b53      0x6b3 c:/intelfpga_lite/21.1/nios2eds/bin/gnu/h-x86_64-mingw32/bin/../lib/gcc/nios2-elf/10.3.1/../../../../../H-x86_64-mingw32/nios2-elf/lib/mno-hw-mul\libsmallc.a(lib_a-writer.o)
 .debug_info    0x0000000000003206       0x84 c:/intelfpga_lite/21.1/nios2eds/bin/gnu/h-x86_64-mingw32/bin/../lib/gcc/nios2-elf/10.3.1/../../../../../H-x86_64-mingw32/nios2-elf/lib/mno-hw-mul\libsmallc.a(lib_a-int_errno.o)
 .debug_info    0x000000000000328a      0x368 c:/intelfpga_lite/21.1/nios2eds/bin/gnu/h-x86_64-mingw32/bin/../lib/gcc/nios2-elf/10.3.1/mno-hw-mul\libgcc.a(lib2-divmod.o)
 .debug_info    0x00000000000035f2       0xcb c:/intelfpga_lite/21.1/nios2eds/bin/gnu/h-x86_64-mingw32/bin/../lib/gcc/nios2-elf/10.3.1/mno-hw-mul\libgcc.a(lib2-mul.o)
 .debug_info    0x00000000000036bd      0x14d e:/repos/FPGA/ASP4/multi_vhdl/software/multi_native_bsp/\libhal_bsp.a(alt_load.o)
 .debug_info    0x000000000000380a       0xef e:/repos/FPGA/ASP4/multi_vhdl/software/multi_native_bsp/\libhal_bsp.a(alt_main.o)
 .debug_info    0x00000000000038f9      0x55c e:/repos/FPGA/ASP4/multi_vhdl/software/multi_native_bsp/\libhal_bsp.a(alt_write.o)
 .debug_info    0x0000000000003e55      0x3ba e:/repos/FPGA/ASP4/multi_vhdl/software/multi_native_bsp/\libhal_bsp.a(alt_sys_init.o)
 .debug_info    0x000000000000420f      0x398 e:/repos/FPGA/ASP4/multi_vhdl/software/multi_native_bsp/\libhal_bsp.a(altera_avalon_jtag_uart_fd.o)
 .debug_info    0x00000000000045a7      0x151 e:/repos/FPGA/ASP4/multi_vhdl/software/multi_native_bsp/\libhal_bsp.a(altera_avalon_jtag_uart_read.o)
 .debug_info    0x00000000000046f8      0x132 e:/repos/FPGA/ASP4/multi_vhdl/software/multi_native_bsp/\libhal_bsp.a(altera_avalon_jtag_uart_write.o)
 .debug_info    0x000000000000482a      0x191 e:/repos/FPGA/ASP4/multi_vhdl/software/multi_native_bsp/\libhal_bsp.a(perf_print_formatted_report.o)
 .debug_info    0x00000000000049bb      0x32c e:/repos/FPGA/ASP4/multi_vhdl/software/multi_native_bsp/\libhal_bsp.a(alt_close.o)
 .debug_info    0x0000000000004ce7       0x8c e:/repos/FPGA/ASP4/multi_vhdl/software/multi_native_bsp/\libhal_bsp.a(alt_dcache_flush_all.o)
 .debug_info    0x0000000000004d73      0x57d e:/repos/FPGA/ASP4/multi_vhdl/software/multi_native_bsp/\libhal_bsp.a(alt_dev.o)
 .debug_info    0x00000000000052f0      0x1b0 e:/repos/FPGA/ASP4/multi_vhdl/software/multi_native_bsp/\libhal_bsp.a(alt_dev_llist_insert.o)
 .debug_info    0x00000000000054a0       0x9d e:/repos/FPGA/ASP4/multi_vhdl/software/multi_native_bsp/\libhal_bsp.a(alt_errno.o)
 .debug_info    0x000000000000553d       0x8c e:/repos/FPGA/ASP4/multi_vhdl/software/multi_native_bsp/\libhal_bsp.a(alt_icache_flush_all.o)
 .debug_info    0x00000000000055c9      0x546 e:/repos/FPGA/ASP4/multi_vhdl/software/multi_native_bsp/\libhal_bsp.a(alt_io_redirect.o)
 .debug_info    0x0000000000005b0f      0x3dd e:/repos/FPGA/ASP4/multi_vhdl/software/multi_native_bsp/\libhal_bsp.a(alt_open.o)
 .debug_info    0x0000000000005eec      0x2b9 e:/repos/FPGA/ASP4/multi_vhdl/software/multi_native_bsp/\libhal_bsp.a(alt_release_fd.o)
 .debug_info    0x00000000000061a5       0x8c e:/repos/FPGA/ASP4/multi_vhdl/software/multi_native_bsp/\libhal_bsp.a(altera_nios2_gen2_irq.o)
 .debug_info    0x0000000000006231      0x17a e:/repos/FPGA/ASP4/multi_vhdl/software/multi_native_bsp/\libhal_bsp.a(altera_avalon_performance_counter.o)
 .debug_info    0x00000000000063ab      0x2ee e:/repos/FPGA/ASP4/multi_vhdl/software/multi_native_bsp/\libhal_bsp.a(alt_find_dev.o)
 .debug_info    0x0000000000006699      0x2eb e:/repos/FPGA/ASP4/multi_vhdl/software/multi_native_bsp/\libhal_bsp.a(alt_find_file.o)
 .debug_info    0x0000000000006984      0x31c e:/repos/FPGA/ASP4/multi_vhdl/software/multi_native_bsp/\libhal_bsp.a(alt_get_fd.o)
 .debug_info    0x0000000000006ca0       0xe6 c:/intelfpga_lite/21.1/nios2eds/bin/gnu/h-x86_64-mingw32/bin/../lib/gcc/nios2-elf/10.3.1/../../../../../H-x86_64-mingw32/nios2-elf/lib/mno-hw-mul\libsmallc.a(lib_a-exit.o)
 .debug_info    0x0000000000006d86      0x100 c:/intelfpga_lite/21.1/nios2eds/bin/gnu/h-x86_64-mingw32/bin/../lib/gcc/nios2-elf/10.3.1/../../../../../H-x86_64-mingw32/nios2-elf/lib/mno-hw-mul\libsmallc.a(lib_a-memcmp.o)
 .debug_info    0x0000000000006e86      0x6e0 c:/intelfpga_lite/21.1/nios2eds/bin/gnu/h-x86_64-mingw32/bin/../lib/gcc/nios2-elf/10.3.1/../../../../../H-x86_64-mingw32/nios2-elf/lib/mno-hw-mul\libsmallc.a(lib_a-__call_atexit.o)
 .debug_info    0x0000000000007566      0x274 c:/intelfpga_lite/21.1/nios2eds/bin/gnu/h-x86_64-mingw32/bin/../lib/gcc/nios2-elf/10.3.1/mno-hw-mul\libgcc.a(_muldi3.o)
 .debug_info    0x00000000000077da      0x993 c:/intelfpga_lite/21.1/nios2eds/bin/gnu/h-x86_64-mingw32/bin/../lib/gcc/nios2-elf/10.3.1/mno-hw-mul\libgcc.a(_udivdi3.o)
 .debug_info    0x000000000000816d       0xc2 c:/intelfpga_lite/21.1/nios2eds/bin/gnu/h-x86_64-mingw32/bin/../lib/gcc/nios2-elf/10.3.1/mno-hw-mul\libgcc.a(_clz.o)
 .debug_info    0x000000000000822f       0xe1 e:/repos/FPGA/ASP4/multi_vhdl/software/multi_native_bsp/\libhal_bsp.a(alt_exit.o)

.debug_abbrev   0x0000000000000000     0x2974
 *(.debug_abbrev)
 .debug_abbrev  0x0000000000000000       0x12 e:/repos/FPGA/ASP4/multi_vhdl/software/multi_native_bsp//obj/HAL/src/crt0.o
 .debug_abbrev  0x0000000000000012       0x75 obj/default/hello_world.o
 .debug_abbrev  0x0000000000000087      0x216 c:/intelfpga_lite/21.1/nios2eds/bin/gnu/h-x86_64-mingw32/bin/../lib/gcc/nios2-elf/10.3.1/../../../../../H-x86_64-mingw32/nios2-elf/lib/mno-hw-mul\libsmallc.a(lib_a-printf.o)
 .debug_abbrev  0x000000000000029d      0x20b c:/intelfpga_lite/21.1/nios2eds/bin/gnu/h-x86_64-mingw32/bin/../lib/gcc/nios2-elf/10.3.1/../../../../../H-x86_64-mingw32/nios2-elf/lib/mno-hw-mul\libsmallc.a(lib_a-puts.o)
 .debug_abbrev  0x00000000000004a8       0x8d c:/intelfpga_lite/21.1/nios2eds/bin/gnu/h-x86_64-mingw32/bin/../lib/gcc/nios2-elf/10.3.1/../../../../../H-x86_64-mingw32/nios2-elf/lib/mno-hw-mul\libsmallc.a(lib_a-strlen.o)
 .debug_abbrev  0x0000000000000535      0x2f7 c:/intelfpga_lite/21.1/nios2eds/bin/gnu/h-x86_64-mingw32/bin/../lib/gcc/nios2-elf/10.3.1/../../../../../H-x86_64-mingw32/nios2-elf/lib/mno-hw-mul\libsmallc.a(lib_a-vfprintf.o)
 .debug_abbrev  0x000000000000082c      0x1ed c:/intelfpga_lite/21.1/nios2eds/bin/gnu/h-x86_64-mingw32/bin/../lib/gcc/nios2-elf/10.3.1/../../../../../H-x86_64-mingw32/nios2-elf/lib/mno-hw-mul\libsmallc.a(lib_a-fvwrite_small_dev.o)
 .debug_abbrev  0x0000000000000a19      0x17a c:/intelfpga_lite/21.1/nios2eds/bin/gnu/h-x86_64-mingw32/bin/../lib/gcc/nios2-elf/10.3.1/../../../../../H-x86_64-mingw32/nios2-elf/lib/mno-hw-mul\libsmallc.a(lib_a-impure.o)
 .debug_abbrev  0x0000000000000b93      0x1d9 c:/intelfpga_lite/21.1/nios2eds/bin/gnu/h-x86_64-mingw32/bin/../lib/gcc/nios2-elf/10.3.1/../../../../../H-x86_64-mingw32/nios2-elf/lib/mno-hw-mul\libsmallc.a(lib_a-writer.o)
 .debug_abbrev  0x0000000000000d6c       0x39 c:/intelfpga_lite/21.1/nios2eds/bin/gnu/h-x86_64-mingw32/bin/../lib/gcc/nios2-elf/10.3.1/../../../../../H-x86_64-mingw32/nios2-elf/lib/mno-hw-mul\libsmallc.a(lib_a-int_errno.o)
 .debug_abbrev  0x0000000000000da5      0x103 c:/intelfpga_lite/21.1/nios2eds/bin/gnu/h-x86_64-mingw32/bin/../lib/gcc/nios2-elf/10.3.1/mno-hw-mul\libgcc.a(lib2-divmod.o)
 .debug_abbrev  0x0000000000000ea8       0x7d c:/intelfpga_lite/21.1/nios2eds/bin/gnu/h-x86_64-mingw32/bin/../lib/gcc/nios2-elf/10.3.1/mno-hw-mul\libgcc.a(lib2-mul.o)
 .debug_abbrev  0x0000000000000f25       0xab e:/repos/FPGA/ASP4/multi_vhdl/software/multi_native_bsp/\libhal_bsp.a(alt_load.o)
 .debug_abbrev  0x0000000000000fd0       0x86 e:/repos/FPGA/ASP4/multi_vhdl/software/multi_native_bsp/\libhal_bsp.a(alt_main.o)
 .debug_abbrev  0x0000000000001056      0x149 e:/repos/FPGA/ASP4/multi_vhdl/software/multi_native_bsp/\libhal_bsp.a(alt_write.o)
 .debug_abbrev  0x000000000000119f      0x16c e:/repos/FPGA/ASP4/multi_vhdl/software/multi_native_bsp/\libhal_bsp.a(alt_sys_init.o)
 .debug_abbrev  0x000000000000130b      0x10b e:/repos/FPGA/ASP4/multi_vhdl/software/multi_native_bsp/\libhal_bsp.a(altera_avalon_jtag_uart_fd.o)
 .debug_abbrev  0x0000000000001416       0xcd e:/repos/FPGA/ASP4/multi_vhdl/software/multi_native_bsp/\libhal_bsp.a(altera_avalon_jtag_uart_read.o)
 .debug_abbrev  0x00000000000014e3       0xcd e:/repos/FPGA/ASP4/multi_vhdl/software/multi_native_bsp/\libhal_bsp.a(altera_avalon_jtag_uart_write.o)
 .debug_abbrev  0x00000000000015b0       0x9c e:/repos/FPGA/ASP4/multi_vhdl/software/multi_native_bsp/\libhal_bsp.a(perf_print_formatted_report.o)
 .debug_abbrev  0x000000000000164c      0x133 e:/repos/FPGA/ASP4/multi_vhdl/software/multi_native_bsp/\libhal_bsp.a(alt_close.o)
 .debug_abbrev  0x000000000000177f       0x44 e:/repos/FPGA/ASP4/multi_vhdl/software/multi_native_bsp/\libhal_bsp.a(alt_dcache_flush_all.o)
 .debug_abbrev  0x00000000000017c3      0x117 e:/repos/FPGA/ASP4/multi_vhdl/software/multi_native_bsp/\libhal_bsp.a(alt_dev.o)
 .debug_abbrev  0x00000000000018da      0x12a e:/repos/FPGA/ASP4/multi_vhdl/software/multi_native_bsp/\libhal_bsp.a(alt_dev_llist_insert.o)
 .debug_abbrev  0x0000000000001a04       0x5a e:/repos/FPGA/ASP4/multi_vhdl/software/multi_native_bsp/\libhal_bsp.a(alt_errno.o)
 .debug_abbrev  0x0000000000001a5e       0x44 e:/repos/FPGA/ASP4/multi_vhdl/software/multi_native_bsp/\libhal_bsp.a(alt_icache_flush_all.o)
 .debug_abbrev  0x0000000000001aa2      0x126 e:/repos/FPGA/ASP4/multi_vhdl/software/multi_native_bsp/\libhal_bsp.a(alt_io_redirect.o)
 .debug_abbrev  0x0000000000001bc8      0x160 e:/repos/FPGA/ASP4/multi_vhdl/software/multi_native_bsp/\libhal_bsp.a(alt_open.o)
 .debug_abbrev  0x0000000000001d28       0xea e:/repos/FPGA/ASP4/multi_vhdl/software/multi_native_bsp/\libhal_bsp.a(alt_release_fd.o)
 .debug_abbrev  0x0000000000001e12       0x44 e:/repos/FPGA/ASP4/multi_vhdl/software/multi_native_bsp/\libhal_bsp.a(altera_nios2_gen2_irq.o)
 .debug_abbrev  0x0000000000001e56       0xe7 e:/repos/FPGA/ASP4/multi_vhdl/software/multi_native_bsp/\libhal_bsp.a(altera_avalon_performance_counter.o)
 .debug_abbrev  0x0000000000001f3d       0xed e:/repos/FPGA/ASP4/multi_vhdl/software/multi_native_bsp/\libhal_bsp.a(alt_find_dev.o)
 .debug_abbrev  0x000000000000202a      0x100 e:/repos/FPGA/ASP4/multi_vhdl/software/multi_native_bsp/\libhal_bsp.a(alt_find_file.o)
 .debug_abbrev  0x000000000000212a      0x121 e:/repos/FPGA/ASP4/multi_vhdl/software/multi_native_bsp/\libhal_bsp.a(alt_get_fd.o)
 .debug_abbrev  0x000000000000224b       0x94 c:/intelfpga_lite/21.1/nios2eds/bin/gnu/h-x86_64-mingw32/bin/../lib/gcc/nios2-elf/10.3.1/../../../../../H-x86_64-mingw32/nios2-elf/lib/mno-hw-mul\libsmallc.a(lib_a-exit.o)
 .debug_abbrev  0x00000000000022df       0x9e c:/intelfpga_lite/21.1/nios2eds/bin/gnu/h-x86_64-mingw32/bin/../lib/gcc/nios2-elf/10.3.1/../../../../../H-x86_64-mingw32/nios2-elf/lib/mno-hw-mul\libsmallc.a(lib_a-memcmp.o)
 .debug_abbrev  0x000000000000237d      0x20a c:/intelfpga_lite/21.1/nios2eds/bin/gnu/h-x86_64-mingw32/bin/../lib/gcc/nios2-elf/10.3.1/../../../../../H-x86_64-mingw32/nios2-elf/lib/mno-hw-mul\libsmallc.a(lib_a-__call_atexit.o)
 .debug_abbrev  0x0000000000002587      0x11d c:/intelfpga_lite/21.1/nios2eds/bin/gnu/h-x86_64-mingw32/bin/../lib/gcc/nios2-elf/10.3.1/mno-hw-mul\libgcc.a(_muldi3.o)
 .debug_abbrev  0x00000000000026a4      0x1b4 c:/intelfpga_lite/21.1/nios2eds/bin/gnu/h-x86_64-mingw32/bin/../lib/gcc/nios2-elf/10.3.1/mno-hw-mul\libgcc.a(_udivdi3.o)
 .debug_abbrev  0x0000000000002858       0x70 c:/intelfpga_lite/21.1/nios2eds/bin/gnu/h-x86_64-mingw32/bin/../lib/gcc/nios2-elf/10.3.1/mno-hw-mul\libgcc.a(_clz.o)
 .debug_abbrev  0x00000000000028c8       0xac e:/repos/FPGA/ASP4/multi_vhdl/software/multi_native_bsp/\libhal_bsp.a(alt_exit.o)

.debug_line     0x0000000000000000     0x39de
 *(.debug_line)
 .debug_line    0x0000000000000000       0x66 e:/repos/FPGA/ASP4/multi_vhdl/software/multi_native_bsp//obj/HAL/src/crt0.o
 .debug_line    0x0000000000000066       0xc6 obj/default/hello_world.o
 .debug_line    0x000000000000012c      0x24c c:/intelfpga_lite/21.1/nios2eds/bin/gnu/h-x86_64-mingw32/bin/../lib/gcc/nios2-elf/10.3.1/../../../../../H-x86_64-mingw32/nios2-elf/lib/mno-hw-mul\libsmallc.a(lib_a-printf.o)
 .debug_line    0x0000000000000378      0x240 c:/intelfpga_lite/21.1/nios2eds/bin/gnu/h-x86_64-mingw32/bin/../lib/gcc/nios2-elf/10.3.1/../../../../../H-x86_64-mingw32/nios2-elf/lib/mno-hw-mul\libsmallc.a(lib_a-puts.o)
 .debug_line    0x00000000000005b8      0x17d c:/intelfpga_lite/21.1/nios2eds/bin/gnu/h-x86_64-mingw32/bin/../lib/gcc/nios2-elf/10.3.1/../../../../../H-x86_64-mingw32/nios2-elf/lib/mno-hw-mul\libsmallc.a(lib_a-strlen.o)
 .debug_line    0x0000000000000735      0x73c c:/intelfpga_lite/21.1/nios2eds/bin/gnu/h-x86_64-mingw32/bin/../lib/gcc/nios2-elf/10.3.1/../../../../../H-x86_64-mingw32/nios2-elf/lib/mno-hw-mul\libsmallc.a(lib_a-vfprintf.o)
 .debug_line    0x0000000000000e71      0x253 c:/intelfpga_lite/21.1/nios2eds/bin/gnu/h-x86_64-mingw32/bin/../lib/gcc/nios2-elf/10.3.1/../../../../../H-x86_64-mingw32/nios2-elf/lib/mno-hw-mul\libsmallc.a(lib_a-fvwrite_small_dev.o)
 .debug_line    0x00000000000010c4      0x15d c:/intelfpga_lite/21.1/nios2eds/bin/gnu/h-x86_64-mingw32/bin/../lib/gcc/nios2-elf/10.3.1/../../../../../H-x86_64-mingw32/nios2-elf/lib/mno-hw-mul\libsmallc.a(lib_a-impure.o)
 .debug_line    0x0000000000001221      0x226 c:/intelfpga_lite/21.1/nios2eds/bin/gnu/h-x86_64-mingw32/bin/../lib/gcc/nios2-elf/10.3.1/../../../../../H-x86_64-mingw32/nios2-elf/lib/mno-hw-mul\libsmallc.a(lib_a-writer.o)
 .debug_line    0x0000000000001447       0x61 c:/intelfpga_lite/21.1/nios2eds/bin/gnu/h-x86_64-mingw32/bin/../lib/gcc/nios2-elf/10.3.1/../../../../../H-x86_64-mingw32/nios2-elf/lib/mno-hw-mul\libsmallc.a(lib_a-int_errno.o)
 .debug_line    0x00000000000014a8      0x306 c:/intelfpga_lite/21.1/nios2eds/bin/gnu/h-x86_64-mingw32/bin/../lib/gcc/nios2-elf/10.3.1/mno-hw-mul\libgcc.a(lib2-divmod.o)
 .debug_line    0x00000000000017ae       0xb7 c:/intelfpga_lite/21.1/nios2eds/bin/gnu/h-x86_64-mingw32/bin/../lib/gcc/nios2-elf/10.3.1/mno-hw-mul\libgcc.a(lib2-mul.o)
 .debug_line    0x0000000000001865       0xa6 e:/repos/FPGA/ASP4/multi_vhdl/software/multi_native_bsp/\libhal_bsp.a(alt_load.o)
 .debug_line    0x000000000000190b       0x7d e:/repos/FPGA/ASP4/multi_vhdl/software/multi_native_bsp/\libhal_bsp.a(alt_main.o)
 .debug_line    0x0000000000001988      0x2af e:/repos/FPGA/ASP4/multi_vhdl/software/multi_native_bsp/\libhal_bsp.a(alt_write.o)
 .debug_line    0x0000000000001c37      0x128 e:/repos/FPGA/ASP4/multi_vhdl/software/multi_native_bsp/\libhal_bsp.a(alt_sys_init.o)
 .debug_line    0x0000000000001d5f      0x102 e:/repos/FPGA/ASP4/multi_vhdl/software/multi_native_bsp/\libhal_bsp.a(altera_avalon_jtag_uart_fd.o)
 .debug_line    0x0000000000001e61       0xe8 e:/repos/FPGA/ASP4/multi_vhdl/software/multi_native_bsp/\libhal_bsp.a(altera_avalon_jtag_uart_read.o)
 .debug_line    0x0000000000001f49       0xc6 e:/repos/FPGA/ASP4/multi_vhdl/software/multi_native_bsp/\libhal_bsp.a(altera_avalon_jtag_uart_write.o)
 .debug_line    0x000000000000200f      0x17f e:/repos/FPGA/ASP4/multi_vhdl/software/multi_native_bsp/\libhal_bsp.a(perf_print_formatted_report.o)
 .debug_line    0x000000000000218e      0x1ad e:/repos/FPGA/ASP4/multi_vhdl/software/multi_native_bsp/\libhal_bsp.a(alt_close.o)
 .debug_line    0x000000000000233b       0x53 e:/repos/FPGA/ASP4/multi_vhdl/software/multi_native_bsp/\libhal_bsp.a(alt_dcache_flush_all.o)
 .debug_line    0x000000000000238e      0x19f e:/repos/FPGA/ASP4/multi_vhdl/software/multi_native_bsp/\libhal_bsp.a(alt_dev.o)
 .debug_line    0x000000000000252d      0x106 e:/repos/FPGA/ASP4/multi_vhdl/software/multi_native_bsp/\libhal_bsp.a(alt_dev_llist_insert.o)
 .debug_line    0x0000000000002633       0x51 e:/repos/FPGA/ASP4/multi_vhdl/software/multi_native_bsp/\libhal_bsp.a(alt_errno.o)
 .debug_line    0x0000000000002684       0x51 e:/repos/FPGA/ASP4/multi_vhdl/software/multi_native_bsp/\libhal_bsp.a(alt_icache_flush_all.o)
 .debug_line    0x00000000000026d5      0x1d2 e:/repos/FPGA/ASP4/multi_vhdl/software/multi_native_bsp/\libhal_bsp.a(alt_io_redirect.o)
 .debug_line    0x00000000000028a7      0x1a1 e:/repos/FPGA/ASP4/multi_vhdl/software/multi_native_bsp/\libhal_bsp.a(alt_open.o)
 .debug_line    0x0000000000002a48       0xb6 e:/repos/FPGA/ASP4/multi_vhdl/software/multi_native_bsp/\libhal_bsp.a(alt_release_fd.o)
 .debug_line    0x0000000000002afe       0x57 e:/repos/FPGA/ASP4/multi_vhdl/software/multi_native_bsp/\libhal_bsp.a(altera_nios2_gen2_irq.o)
 .debug_line    0x0000000000002b55       0xc3 e:/repos/FPGA/ASP4/multi_vhdl/software/multi_native_bsp/\libhal_bsp.a(altera_avalon_performance_counter.o)
 .debug_line    0x0000000000002c18       0xb8 e:/repos/FPGA/ASP4/multi_vhdl/software/multi_native_bsp/\libhal_bsp.a(alt_find_dev.o)
 .debug_line    0x0000000000002cd0      0x103 e:/repos/FPGA/ASP4/multi_vhdl/software/multi_native_bsp/\libhal_bsp.a(alt_find_file.o)
 .debug_line    0x0000000000002dd3       0xfb e:/repos/FPGA/ASP4/multi_vhdl/software/multi_native_bsp/\libhal_bsp.a(alt_get_fd.o)
 .debug_line    0x0000000000002ece      0x175 c:/intelfpga_lite/21.1/nios2eds/bin/gnu/h-x86_64-mingw32/bin/../lib/gcc/nios2-elf/10.3.1/../../../../../H-x86_64-mingw32/nios2-elf/lib/mno-hw-mul\libsmallc.a(lib_a-exit.o)
 .debug_line    0x0000000000003043      0x192 c:/intelfpga_lite/21.1/nios2eds/bin/gnu/h-x86_64-mingw32/bin/../lib/gcc/nios2-elf/10.3.1/../../../../../H-x86_64-mingw32/nios2-elf/lib/mno-hw-mul\libsmallc.a(lib_a-memcmp.o)
 .debug_line    0x00000000000031d5      0x291 c:/intelfpga_lite/21.1/nios2eds/bin/gnu/h-x86_64-mingw32/bin/../lib/gcc/nios2-elf/10.3.1/../../../../../H-x86_64-mingw32/nios2-elf/lib/mno-hw-mul\libsmallc.a(lib_a-__call_atexit.o)
 .debug_line    0x0000000000003466      0x135 c:/intelfpga_lite/21.1/nios2eds/bin/gnu/h-x86_64-mingw32/bin/../lib/gcc/nios2-elf/10.3.1/mno-hw-mul\libgcc.a(_muldi3.o)
 .debug_line    0x000000000000359b      0x365 c:/intelfpga_lite/21.1/nios2eds/bin/gnu/h-x86_64-mingw32/bin/../lib/gcc/nios2-elf/10.3.1/mno-hw-mul\libgcc.a(_udivdi3.o)
 .debug_line    0x0000000000003900       0x59 c:/intelfpga_lite/21.1/nios2eds/bin/gnu/h-x86_64-mingw32/bin/../lib/gcc/nios2-elf/10.3.1/mno-hw-mul\libgcc.a(_clz.o)
 .debug_line    0x0000000000003959       0x85 e:/repos/FPGA/ASP4/multi_vhdl/software/multi_native_bsp/\libhal_bsp.a(alt_exit.o)

.debug_frame    0x0000000000000000      0xa58
 *(.debug_frame)
 .debug_frame   0x0000000000000000       0x38 obj/default/hello_world.o
 .debug_frame   0x0000000000000038       0x48 c:/intelfpga_lite/21.1/nios2eds/bin/gnu/h-x86_64-mingw32/bin/../lib/gcc/nios2-elf/10.3.1/../../../../../H-x86_64-mingw32/nios2-elf/lib/mno-hw-mul\libsmallc.a(lib_a-printf.o)
 .debug_frame   0x0000000000000080       0x48 c:/intelfpga_lite/21.1/nios2eds/bin/gnu/h-x86_64-mingw32/bin/../lib/gcc/nios2-elf/10.3.1/../../../../../H-x86_64-mingw32/nios2-elf/lib/mno-hw-mul\libsmallc.a(lib_a-puts.o)
 .debug_frame   0x00000000000000c8       0x20 c:/intelfpga_lite/21.1/nios2eds/bin/gnu/h-x86_64-mingw32/bin/../lib/gcc/nios2-elf/10.3.1/../../../../../H-x86_64-mingw32/nios2-elf/lib/mno-hw-mul\libsmallc.a(lib_a-strlen.o)
 .debug_frame   0x00000000000000e8       0x90 c:/intelfpga_lite/21.1/nios2eds/bin/gnu/h-x86_64-mingw32/bin/../lib/gcc/nios2-elf/10.3.1/../../../../../H-x86_64-mingw32/nios2-elf/lib/mno-hw-mul\libsmallc.a(lib_a-vfprintf.o)
 .debug_frame   0x0000000000000178       0x3c c:/intelfpga_lite/21.1/nios2eds/bin/gnu/h-x86_64-mingw32/bin/../lib/gcc/nios2-elf/10.3.1/../../../../../H-x86_64-mingw32/nios2-elf/lib/mno-hw-mul\libsmallc.a(lib_a-fvwrite_small_dev.o)
 .debug_frame   0x00000000000001b4       0x30 c:/intelfpga_lite/21.1/nios2eds/bin/gnu/h-x86_64-mingw32/bin/../lib/gcc/nios2-elf/10.3.1/../../../../../H-x86_64-mingw32/nios2-elf/lib/mno-hw-mul\libsmallc.a(lib_a-writer.o)
 .debug_frame   0x00000000000001e4       0x50 c:/intelfpga_lite/21.1/nios2eds/bin/gnu/h-x86_64-mingw32/bin/../lib/gcc/nios2-elf/10.3.1/mno-hw-mul\libgcc.a(lib2-divmod.o)
 .debug_frame   0x0000000000000234       0x20 c:/intelfpga_lite/21.1/nios2eds/bin/gnu/h-x86_64-mingw32/bin/../lib/gcc/nios2-elf/10.3.1/mno-hw-mul\libgcc.a(lib2-mul.o)
 .debug_frame   0x0000000000000254       0x5c e:/repos/FPGA/ASP4/multi_vhdl/software/multi_native_bsp/\libhal_bsp.a(alt_load.o)
 .debug_frame   0x00000000000002b0       0x2c e:/repos/FPGA/ASP4/multi_vhdl/software/multi_native_bsp/\libhal_bsp.a(alt_main.o)
 .debug_frame   0x00000000000002dc       0x60 e:/repos/FPGA/ASP4/multi_vhdl/software/multi_native_bsp/\libhal_bsp.a(alt_write.o)
 .debug_frame   0x000000000000033c       0x88 e:/repos/FPGA/ASP4/multi_vhdl/software/multi_native_bsp/\libhal_bsp.a(alt_sys_init.o)
 .debug_frame   0x00000000000003c4       0x60 e:/repos/FPGA/ASP4/multi_vhdl/software/multi_native_bsp/\libhal_bsp.a(altera_avalon_jtag_uart_fd.o)
 .debug_frame   0x0000000000000424       0x34 e:/repos/FPGA/ASP4/multi_vhdl/software/multi_native_bsp/\libhal_bsp.a(altera_avalon_jtag_uart_read.o)
 .debug_frame   0x0000000000000458       0x34 e:/repos/FPGA/ASP4/multi_vhdl/software/multi_native_bsp/\libhal_bsp.a(altera_avalon_jtag_uart_write.o)
 .debug_frame   0x000000000000048c       0x4c e:/repos/FPGA/ASP4/multi_vhdl/software/multi_native_bsp/\libhal_bsp.a(perf_print_formatted_report.o)
 .debug_frame   0x00000000000004d8       0x60 e:/repos/FPGA/ASP4/multi_vhdl/software/multi_native_bsp/\libhal_bsp.a(alt_close.o)
 .debug_frame   0x0000000000000538       0x34 e:/repos/FPGA/ASP4/multi_vhdl/software/multi_native_bsp/\libhal_bsp.a(alt_dcache_flush_all.o)
 .debug_frame   0x000000000000056c       0x34 e:/repos/FPGA/ASP4/multi_vhdl/software/multi_native_bsp/\libhal_bsp.a(alt_dev.o)
 .debug_frame   0x00000000000005a0       0x60 e:/repos/FPGA/ASP4/multi_vhdl/software/multi_native_bsp/\libhal_bsp.a(alt_dev_llist_insert.o)
 .debug_frame   0x0000000000000600       0x34 e:/repos/FPGA/ASP4/multi_vhdl/software/multi_native_bsp/\libhal_bsp.a(alt_icache_flush_all.o)
 .debug_frame   0x0000000000000634       0x60 e:/repos/FPGA/ASP4/multi_vhdl/software/multi_native_bsp/\libhal_bsp.a(alt_io_redirect.o)
 .debug_frame   0x0000000000000694       0x84 e:/repos/FPGA/ASP4/multi_vhdl/software/multi_native_bsp/\libhal_bsp.a(alt_open.o)
 .debug_frame   0x0000000000000718       0x34 e:/repos/FPGA/ASP4/multi_vhdl/software/multi_native_bsp/\libhal_bsp.a(alt_release_fd.o)
 .debug_frame   0x000000000000074c       0x34 e:/repos/FPGA/ASP4/multi_vhdl/software/multi_native_bsp/\libhal_bsp.a(altera_nios2_gen2_irq.o)
 .debug_frame   0x0000000000000780       0xc8 e:/repos/FPGA/ASP4/multi_vhdl/software/multi_native_bsp/\libhal_bsp.a(altera_avalon_performance_counter.o)
 .debug_frame   0x0000000000000848       0x38 e:/repos/FPGA/ASP4/multi_vhdl/software/multi_native_bsp/\libhal_bsp.a(alt_find_dev.o)
 .debug_frame   0x0000000000000880       0x38 e:/repos/FPGA/ASP4/multi_vhdl/software/multi_native_bsp/\libhal_bsp.a(alt_find_file.o)
 .debug_frame   0x00000000000008b8       0x34 e:/repos/FPGA/ASP4/multi_vhdl/software/multi_native_bsp/\libhal_bsp.a(alt_get_fd.o)
 .debug_frame   0x00000000000008ec       0x28 c:/intelfpga_lite/21.1/nios2eds/bin/gnu/h-x86_64-mingw32/bin/../lib/gcc/nios2-elf/10.3.1/../../../../../H-x86_64-mingw32/nios2-elf/lib/mno-hw-mul\libsmallc.a(lib_a-exit.o)
 .debug_frame   0x0000000000000914       0x20 c:/intelfpga_lite/21.1/nios2eds/bin/gnu/h-x86_64-mingw32/bin/../lib/gcc/nios2-elf/10.3.1/../../../../../H-x86_64-mingw32/nios2-elf/lib/mno-hw-mul\libsmallc.a(lib_a-memcmp.o)
 .debug_frame   0x0000000000000934       0x54 c:/intelfpga_lite/21.1/nios2eds/bin/gnu/h-x86_64-mingw32/bin/../lib/gcc/nios2-elf/10.3.1/../../../../../H-x86_64-mingw32/nios2-elf/lib/mno-hw-mul\libsmallc.a(lib_a-__call_atexit.o)
 .debug_frame   0x0000000000000988       0x50 c:/intelfpga_lite/21.1/nios2eds/bin/gnu/h-x86_64-mingw32/bin/../lib/gcc/nios2-elf/10.3.1/mno-hw-mul\libgcc.a(_muldi3.o)
 .debug_frame   0x00000000000009d8       0x54 c:/intelfpga_lite/21.1/nios2eds/bin/gnu/h-x86_64-mingw32/bin/../lib/gcc/nios2-elf/10.3.1/mno-hw-mul\libgcc.a(_udivdi3.o)
 .debug_frame   0x0000000000000a2c       0x2c e:/repos/FPGA/ASP4/multi_vhdl/software/multi_native_bsp/\libhal_bsp.a(alt_exit.o)

.debug_str      0x0000000000000000     0x19a0
 *(.debug_str)
 .debug_str     0x0000000000000000       0x56 e:/repos/FPGA/ASP4/multi_vhdl/software/multi_native_bsp//obj/HAL/src/crt0.o
 .debug_str     0x0000000000000056       0xff obj/default/hello_world.o
                                        0x13d (size before relaxing)
 .debug_str     0x0000000000000155      0x43e c:/intelfpga_lite/21.1/nios2eds/bin/gnu/h-x86_64-mingw32/bin/../lib/gcc/nios2-elf/10.3.1/../../../../../H-x86_64-mingw32/nios2-elf/lib/mno-hw-mul\libsmallc.a(lib_a-printf.o)
                                        0x50e (size before relaxing)
 .debug_str     0x0000000000000593       0x65 c:/intelfpga_lite/21.1/nios2eds/bin/gnu/h-x86_64-mingw32/bin/../lib/gcc/nios2-elf/10.3.1/../../../../../H-x86_64-mingw32/nios2-elf/lib/mno-hw-mul\libsmallc.a(lib_a-puts.o)
                                        0x4d7 (size before relaxing)
 .debug_str     0x00000000000005f8       0xd5 c:/intelfpga_lite/21.1/nios2eds/bin/gnu/h-x86_64-mingw32/bin/../lib/gcc/nios2-elf/10.3.1/../../../../../H-x86_64-mingw32/nios2-elf/lib/mno-hw-mul\libsmallc.a(lib_a-strlen.o)
                                        0x1dc (size before relaxing)
 .debug_str     0x00000000000006cd      0x2db c:/intelfpga_lite/21.1/nios2eds/bin/gnu/h-x86_64-mingw32/bin/../lib/gcc/nios2-elf/10.3.1/../../../../../H-x86_64-mingw32/nios2-elf/lib/mno-hw-mul\libsmallc.a(lib_a-vfprintf.o)
                                        0x871 (size before relaxing)
 .debug_str     0x00000000000009a8       0x65 c:/intelfpga_lite/21.1/nios2eds/bin/gnu/h-x86_64-mingw32/bin/../lib/gcc/nios2-elf/10.3.1/../../../../../H-x86_64-mingw32/nios2-elf/lib/mno-hw-mul\libsmallc.a(lib_a-fvwrite_small_dev.o)
                                        0x4de (size before relaxing)
 .debug_str     0x0000000000000a0d       0xf2 c:/intelfpga_lite/21.1/nios2eds/bin/gnu/h-x86_64-mingw32/bin/../lib/gcc/nios2-elf/10.3.1/../../../../../H-x86_64-mingw32/nios2-elf/lib/mno-hw-mul\libsmallc.a(lib_a-impure.o)
                                        0x4c8 (size before relaxing)
 .debug_str     0x0000000000000aff       0x47 c:/intelfpga_lite/21.1/nios2eds/bin/gnu/h-x86_64-mingw32/bin/../lib/gcc/nios2-elf/10.3.1/../../../../../H-x86_64-mingw32/nios2-elf/lib/mno-hw-mul\libsmallc.a(lib_a-writer.o)
                                        0x4c2 (size before relaxing)
 .debug_str     0x0000000000000b46       0x41 c:/intelfpga_lite/21.1/nios2eds/bin/gnu/h-x86_64-mingw32/bin/../lib/gcc/nios2-elf/10.3.1/../../../../../H-x86_64-mingw32/nios2-elf/lib/mno-hw-mul\libsmallc.a(lib_a-int_errno.o)
                                        0x1cf (size before relaxing)
 .debug_str     0x0000000000000b87      0x18b c:/intelfpga_lite/21.1/nios2eds/bin/gnu/h-x86_64-mingw32/bin/../lib/gcc/nios2-elf/10.3.1/mno-hw-mul\libgcc.a(lib2-divmod.o)
                                        0x1e0 (size before relaxing)
 .debug_str     0x0000000000000d12       0x3a c:/intelfpga_lite/21.1/nios2eds/bin/gnu/h-x86_64-mingw32/bin/../lib/gcc/nios2-elf/10.3.1/mno-hw-mul\libgcc.a(lib2-mul.o)
                                        0x1a1 (size before relaxing)
 .debug_str     0x0000000000000d4c       0xf1 e:/repos/FPGA/ASP4/multi_vhdl/software/multi_native_bsp/\libhal_bsp.a(alt_load.o)
                                        0x211 (size before relaxing)
 .debug_str     0x0000000000000e3d       0x44 e:/repos/FPGA/ASP4/multi_vhdl/software/multi_native_bsp/\libhal_bsp.a(alt_main.o)
                                        0x16b (size before relaxing)
 .debug_str     0x0000000000000e81      0x1a9 e:/repos/FPGA/ASP4/multi_vhdl/software/multi_native_bsp/\libhal_bsp.a(alt_write.o)
                                        0x349 (size before relaxing)
 .debug_str     0x000000000000102a       0xf0 e:/repos/FPGA/ASP4/multi_vhdl/software/multi_native_bsp/\libhal_bsp.a(alt_sys_init.o)
                                        0x2ae (size before relaxing)
 .debug_str     0x000000000000111a       0x71 e:/repos/FPGA/ASP4/multi_vhdl/software/multi_native_bsp/\libhal_bsp.a(altera_avalon_jtag_uart_fd.o)
                                        0x2ad (size before relaxing)
 .debug_str     0x000000000000118b       0x48 e:/repos/FPGA/ASP4/multi_vhdl/software/multi_native_bsp/\libhal_bsp.a(altera_avalon_jtag_uart_read.o)
                                        0x1ca (size before relaxing)
 .debug_str     0x00000000000011d3       0x4a e:/repos/FPGA/ASP4/multi_vhdl/software/multi_native_bsp/\libhal_bsp.a(altera_avalon_jtag_uart_write.o)
                                        0x1c0 (size before relaxing)
 .debug_str     0x000000000000121d       0xd8 e:/repos/FPGA/ASP4/multi_vhdl/software/multi_native_bsp/\libhal_bsp.a(perf_print_formatted_report.o)
                                        0x230 (size before relaxing)
 .debug_str     0x00000000000012f5       0x1b e:/repos/FPGA/ASP4/multi_vhdl/software/multi_native_bsp/\libhal_bsp.a(alt_close.o)
                                        0x1fd (size before relaxing)
 .debug_str     0x0000000000001310       0x34 e:/repos/FPGA/ASP4/multi_vhdl/software/multi_native_bsp/\libhal_bsp.a(alt_dcache_flush_all.o)
                                        0x154 (size before relaxing)
 .debug_str     0x0000000000001344       0x50 e:/repos/FPGA/ASP4/multi_vhdl/software/multi_native_bsp/\libhal_bsp.a(alt_dev.o)
                                        0x363 (size before relaxing)
 .debug_str     0x0000000000001394       0x4b e:/repos/FPGA/ASP4/multi_vhdl/software/multi_native_bsp/\libhal_bsp.a(alt_dev_llist_insert.o)
                                        0x1cb (size before relaxing)
 .debug_str     0x00000000000013df       0x14 e:/repos/FPGA/ASP4/multi_vhdl/software/multi_native_bsp/\libhal_bsp.a(alt_errno.o)
                                        0x13e (size before relaxing)
 .debug_str     0x00000000000013f3       0x34 e:/repos/FPGA/ASP4/multi_vhdl/software/multi_native_bsp/\libhal_bsp.a(alt_icache_flush_all.o)
                                        0x154 (size before relaxing)
 .debug_str     0x0000000000001427       0x56 e:/repos/FPGA/ASP4/multi_vhdl/software/multi_native_bsp/\libhal_bsp.a(alt_io_redirect.o)
                                        0x367 (size before relaxing)
 .debug_str     0x000000000000147d       0x36 e:/repos/FPGA/ASP4/multi_vhdl/software/multi_native_bsp/\libhal_bsp.a(alt_open.o)
                                        0x24a (size before relaxing)
 .debug_str     0x00000000000014b3       0x28 e:/repos/FPGA/ASP4/multi_vhdl/software/multi_native_bsp/\libhal_bsp.a(alt_release_fd.o)
                                        0x1ce (size before relaxing)
 .debug_str     0x00000000000014db       0x3b e:/repos/FPGA/ASP4/multi_vhdl/software/multi_native_bsp/\libhal_bsp.a(altera_nios2_gen2_irq.o)
                                        0x15b (size before relaxing)
 .debug_str     0x0000000000001516       0xbe e:/repos/FPGA/ASP4/multi_vhdl/software/multi_native_bsp/\libhal_bsp.a(altera_avalon_performance_counter.o)
                                        0x1de (size before relaxing)
 .debug_str     0x00000000000015d4       0x24 e:/repos/FPGA/ASP4/multi_vhdl/software/multi_native_bsp/\libhal_bsp.a(alt_find_dev.o)
                                        0x1de (size before relaxing)
 .debug_str     0x00000000000015f8       0x26 e:/repos/FPGA/ASP4/multi_vhdl/software/multi_native_bsp/\libhal_bsp.a(alt_find_file.o)
                                        0x1ec (size before relaxing)
 .debug_str     0x000000000000161e       0x30 e:/repos/FPGA/ASP4/multi_vhdl/software/multi_native_bsp/\libhal_bsp.a(alt_get_fd.o)
                                        0x20e (size before relaxing)
 .debug_str     0x000000000000164e       0xe4 c:/intelfpga_lite/21.1/nios2eds/bin/gnu/h-x86_64-mingw32/bin/../lib/gcc/nios2-elf/10.3.1/../../../../../H-x86_64-mingw32/nios2-elf/lib/mno-hw-mul\libsmallc.a(lib_a-exit.o)
                                        0x1e7 (size before relaxing)
 .debug_str     0x0000000000001732       0x46 c:/intelfpga_lite/21.1/nios2eds/bin/gnu/h-x86_64-mingw32/bin/../lib/gcc/nios2-elf/10.3.1/../../../../../H-x86_64-mingw32/nios2-elf/lib/mno-hw-mul\libsmallc.a(lib_a-memcmp.o)
                                        0x1d6 (size before relaxing)
 .debug_str     0x0000000000001778       0x6d c:/intelfpga_lite/21.1/nios2eds/bin/gnu/h-x86_64-mingw32/bin/../lib/gcc/nios2-elf/10.3.1/../../../../../H-x86_64-mingw32/nios2-elf/lib/mno-hw-mul\libsmallc.a(lib_a-__call_atexit.o)
                                        0x4fb (size before relaxing)
 .debug_str     0x00000000000017e5       0x90 c:/intelfpga_lite/21.1/nios2eds/bin/gnu/h-x86_64-mingw32/bin/../lib/gcc/nios2-elf/10.3.1/mno-hw-mul\libgcc.a(_muldi3.o)
                                        0x241 (size before relaxing)
 .debug_str     0x0000000000001875      0x101 c:/intelfpga_lite/21.1/nios2eds/bin/gnu/h-x86_64-mingw32/bin/../lib/gcc/nios2-elf/10.3.1/mno-hw-mul\libgcc.a(_udivdi3.o)
                                        0x2c3 (size before relaxing)
 .debug_str     0x0000000000001976      0x1ed c:/intelfpga_lite/21.1/nios2eds/bin/gnu/h-x86_64-mingw32/bin/../lib/gcc/nios2-elf/10.3.1/mno-hw-mul\libgcc.a(_clz.o)
 .debug_str     0x0000000000001976       0x2a e:/repos/FPGA/ASP4/multi_vhdl/software/multi_native_bsp/\libhal_bsp.a(alt_exit.o)
                                        0x150 (size before relaxing)

.debug_loc      0x0000000000000000     0x2f01
 *(.debug_loc)
 .debug_loc     0x0000000000000000       0xe1 c:/intelfpga_lite/21.1/nios2eds/bin/gnu/h-x86_64-mingw32/bin/../lib/gcc/nios2-elf/10.3.1/../../../../../H-x86_64-mingw32/nios2-elf/lib/mno-hw-mul\libsmallc.a(lib_a-printf.o)
 .debug_loc     0x00000000000000e1       0xab c:/intelfpga_lite/21.1/nios2eds/bin/gnu/h-x86_64-mingw32/bin/../lib/gcc/nios2-elf/10.3.1/../../../../../H-x86_64-mingw32/nios2-elf/lib/mno-hw-mul\libsmallc.a(lib_a-puts.o)
 .debug_loc     0x000000000000018c       0x44 c:/intelfpga_lite/21.1/nios2eds/bin/gnu/h-x86_64-mingw32/bin/../lib/gcc/nios2-elf/10.3.1/../../../../../H-x86_64-mingw32/nios2-elf/lib/mno-hw-mul\libsmallc.a(lib_a-strlen.o)
 .debug_loc     0x00000000000001d0      0xb26 c:/intelfpga_lite/21.1/nios2eds/bin/gnu/h-x86_64-mingw32/bin/../lib/gcc/nios2-elf/10.3.1/../../../../../H-x86_64-mingw32/nios2-elf/lib/mno-hw-mul\libsmallc.a(lib_a-vfprintf.o)
 .debug_loc     0x0000000000000cf6      0x123 c:/intelfpga_lite/21.1/nios2eds/bin/gnu/h-x86_64-mingw32/bin/../lib/gcc/nios2-elf/10.3.1/../../../../../H-x86_64-mingw32/nios2-elf/lib/mno-hw-mul\libsmallc.a(lib_a-fvwrite_small_dev.o)
 .debug_loc     0x0000000000000e19       0xd0 c:/intelfpga_lite/21.1/nios2eds/bin/gnu/h-x86_64-mingw32/bin/../lib/gcc/nios2-elf/10.3.1/../../../../../H-x86_64-mingw32/nios2-elf/lib/mno-hw-mul\libsmallc.a(lib_a-writer.o)
 .debug_loc     0x0000000000000ee9      0x5d0 c:/intelfpga_lite/21.1/nios2eds/bin/gnu/h-x86_64-mingw32/bin/../lib/gcc/nios2-elf/10.3.1/mno-hw-mul\libgcc.a(lib2-divmod.o)
 .debug_loc     0x00000000000014b9       0xa7 c:/intelfpga_lite/21.1/nios2eds/bin/gnu/h-x86_64-mingw32/bin/../lib/gcc/nios2-elf/10.3.1/mno-hw-mul\libgcc.a(lib2-mul.o)
 .debug_loc     0x0000000000001560       0x22 c:/intelfpga_lite/21.1/nios2eds/bin/gnu/h-x86_64-mingw32/bin/../lib/gcc/nios2-elf/10.3.1/../../../../../H-x86_64-mingw32/nios2-elf/lib/mno-hw-mul\libsmallc.a(lib_a-exit.o)
 .debug_loc     0x0000000000001582       0xc2 c:/intelfpga_lite/21.1/nios2eds/bin/gnu/h-x86_64-mingw32/bin/../lib/gcc/nios2-elf/10.3.1/../../../../../H-x86_64-mingw32/nios2-elf/lib/mno-hw-mul\libsmallc.a(lib_a-memcmp.o)
 .debug_loc     0x0000000000001644      0x196 c:/intelfpga_lite/21.1/nios2eds/bin/gnu/h-x86_64-mingw32/bin/../lib/gcc/nios2-elf/10.3.1/../../../../../H-x86_64-mingw32/nios2-elf/lib/mno-hw-mul\libsmallc.a(lib_a-__call_atexit.o)
 .debug_loc     0x00000000000017da      0x1eb c:/intelfpga_lite/21.1/nios2eds/bin/gnu/h-x86_64-mingw32/bin/../lib/gcc/nios2-elf/10.3.1/mno-hw-mul\libgcc.a(_muldi3.o)
 .debug_loc     0x00000000000019c5     0x153c c:/intelfpga_lite/21.1/nios2eds/bin/gnu/h-x86_64-mingw32/bin/../lib/gcc/nios2-elf/10.3.1/mno-hw-mul\libgcc.a(_udivdi3.o)

.debug_macinfo
 *(.debug_macinfo)

.debug_weaknames
 *(.debug_weaknames)

.debug_funcnames
 *(.debug_funcnames)

.debug_typenames
 *(.debug_typenames)

.debug_varnames
 *(.debug_varnames)

.debug_alt_sim_info
                0x0000000000000000       0x10
 *(.debug_alt_sim_info)
 .debug_alt_sim_info
                0x0000000000000000       0x10 e:/repos/FPGA/ASP4/multi_vhdl/software/multi_native_bsp//obj/HAL/src/crt0.o
                0x0000000000020000                __alt_data_end = 0x20000
                0x0000000000020000                PROVIDE (__alt_stack_pointer = __alt_data_end)
                [!provide]                        PROVIDE (__alt_stack_limit = __alt_stack_base)
                [!provide]                        PROVIDE (__alt_heap_start = end)
                [!provide]                        PROVIDE (__alt_heap_limit = 0x20000)
OUTPUT(multi_native.elf elf32-littlenios2)
LOAD linker stubs

.debug_ranges   0x0000000000000000      0x460
 .debug_ranges  0x0000000000000000       0x20 e:/repos/FPGA/ASP4/multi_vhdl/software/multi_native_bsp//obj/HAL/src/crt0.o
 .debug_ranges  0x0000000000000020       0x18 c:/intelfpga_lite/21.1/nios2eds/bin/gnu/h-x86_64-mingw32/bin/../lib/gcc/nios2-elf/10.3.1/../../../../../H-x86_64-mingw32/nios2-elf/lib/mno-hw-mul\libsmallc.a(lib_a-printf.o)
 .debug_ranges  0x0000000000000038       0x18 c:/intelfpga_lite/21.1/nios2eds/bin/gnu/h-x86_64-mingw32/bin/../lib/gcc/nios2-elf/10.3.1/../../../../../H-x86_64-mingw32/nios2-elf/lib/mno-hw-mul\libsmallc.a(lib_a-puts.o)
 .debug_ranges  0x0000000000000050       0x10 c:/intelfpga_lite/21.1/nios2eds/bin/gnu/h-x86_64-mingw32/bin/../lib/gcc/nios2-elf/10.3.1/../../../../../H-x86_64-mingw32/nios2-elf/lib/mno-hw-mul\libsmallc.a(lib_a-strlen.o)
 .debug_ranges  0x0000000000000060       0xf8 c:/intelfpga_lite/21.1/nios2eds/bin/gnu/h-x86_64-mingw32/bin/../lib/gcc/nios2-elf/10.3.1/../../../../../H-x86_64-mingw32/nios2-elf/lib/mno-hw-mul\libsmallc.a(lib_a-vfprintf.o)
 .debug_ranges  0x0000000000000158       0x10 c:/intelfpga_lite/21.1/nios2eds/bin/gnu/h-x86_64-mingw32/bin/../lib/gcc/nios2-elf/10.3.1/../../../../../H-x86_64-mingw32/nios2-elf/lib/mno-hw-mul\libsmallc.a(lib_a-fvwrite_small_dev.o)
 .debug_ranges  0x0000000000000168       0x10 c:/intelfpga_lite/21.1/nios2eds/bin/gnu/h-x86_64-mingw32/bin/../lib/gcc/nios2-elf/10.3.1/../../../../../H-x86_64-mingw32/nios2-elf/lib/mno-hw-mul\libsmallc.a(lib_a-writer.o)
 .debug_ranges  0x0000000000000178       0x70 c:/intelfpga_lite/21.1/nios2eds/bin/gnu/h-x86_64-mingw32/bin/../lib/gcc/nios2-elf/10.3.1/mno-hw-mul\libgcc.a(lib2-divmod.o)
 .debug_ranges  0x00000000000001e8       0x18 e:/repos/FPGA/ASP4/multi_vhdl/software/multi_native_bsp/\libhal_bsp.a(altera_avalon_jtag_uart_read.o)
 .debug_ranges  0x0000000000000200       0x10 c:/intelfpga_lite/21.1/nios2eds/bin/gnu/h-x86_64-mingw32/bin/../lib/gcc/nios2-elf/10.3.1/../../../../../H-x86_64-mingw32/nios2-elf/lib/mno-hw-mul\libsmallc.a(lib_a-exit.o)
 .debug_ranges  0x0000000000000210       0x10 c:/intelfpga_lite/21.1/nios2eds/bin/gnu/h-x86_64-mingw32/bin/../lib/gcc/nios2-elf/10.3.1/../../../../../H-x86_64-mingw32/nios2-elf/lib/mno-hw-mul\libsmallc.a(lib_a-memcmp.o)
 .debug_ranges  0x0000000000000220       0x28 c:/intelfpga_lite/21.1/nios2eds/bin/gnu/h-x86_64-mingw32/bin/../lib/gcc/nios2-elf/10.3.1/../../../../../H-x86_64-mingw32/nios2-elf/lib/mno-hw-mul\libsmallc.a(lib_a-__call_atexit.o)
 .debug_ranges  0x0000000000000248       0x40 c:/intelfpga_lite/21.1/nios2eds/bin/gnu/h-x86_64-mingw32/bin/../lib/gcc/nios2-elf/10.3.1/mno-hw-mul\libgcc.a(_muldi3.o)
 .debug_ranges  0x0000000000000288      0x1d8 c:/intelfpga_lite/21.1/nios2eds/bin/gnu/h-x86_64-mingw32/bin/../lib/gcc/nios2-elf/10.3.1/mno-hw-mul\libgcc.a(_udivdi3.o)